Component: ARM Compiler 5.06 update 7 (build 960) Tool: armlink [4d3601]

==============================================================================

Section Cross References

    startup_stm32f407xx.o(RESET) refers to startup_stm32f407xx.o(STACK) for __initial_sp
    startup_stm32f407xx.o(RESET) refers to startup_stm32f407xx.o(.text) for Reset_Handler
    startup_stm32f407xx.o(RESET) refers to stm32f4xx_it.o(i.NMI_Handler) for NMI_Handler
    startup_stm32f407xx.o(RESET) refers to stm32f4xx_it.o(i.HardFault_Handler) for HardFault_Handler
    startup_stm32f407xx.o(RESET) refers to stm32f4xx_it.o(i.MemManage_Handler) for MemManage_Handler
    startup_stm32f407xx.o(RESET) refers to stm32f4xx_it.o(i.BusFault_Handler) for BusFault_Handler
    startup_stm32f407xx.o(RESET) refers to stm32f4xx_it.o(i.UsageFault_Handler) for UsageFault_Handler
    startup_stm32f407xx.o(RESET) refers to stm32f4xx_it.o(i.SVC_Handler) for SVC_Handler
    startup_stm32f407xx.o(RESET) refers to stm32f4xx_it.o(i.DebugMon_Handler) for DebugMon_Handler
    startup_stm32f407xx.o(RESET) refers to stm32f4xx_it.o(i.PendSV_Handler) for PendSV_Handler
    startup_stm32f407xx.o(RESET) refers to stm32f4xx_it.o(i.SysTick_Handler) for SysTick_Handler
    startup_stm32f407xx.o(RESET) refers to stm32f4xx_it.o(i.EXTI0_IRQHandler) for EXTI0_IRQHandler
    startup_stm32f407xx.o(RESET) refers to stm32f4xx_it.o(i.EXTI4_IRQHandler) for EXTI4_IRQHandler
    startup_stm32f407xx.o(.text) refers to system_stm32f4xx.o(i.SystemInit) for SystemInit
    startup_stm32f407xx.o(.text) refers to entry.o(.ARM.Collect$$$$00000000) for __main
    main.o(i.Error_Handler) refers to system.o(.data) for System
    main.o(i.SystemClock_Config) refers to memseta.o(.text) for __aeabi_memclr4
    main.o(i.SystemClock_Config) refers to stm32f4xx_hal_rcc.o(i.HAL_RCC_OscConfig) for HAL_RCC_OscConfig
    main.o(i.SystemClock_Config) refers to stm32f4xx_hal_rcc.o(i.HAL_RCC_ClockConfig) for HAL_RCC_ClockConfig
    main.o(i.SystemClock_Config) refers to system.o(.data) for System
    main.o(i.main) refers to stm32f4xx_hal.o(i.HAL_Init) for HAL_Init
    main.o(i.main) refers to main.o(i.SystemClock_Config) for SystemClock_Config
    main.o(i.main) refers to gpio.o(i.MX_GPIO_Init) for MX_GPIO_Init
    main.o(i.main) refers to usart.o(i.MX_USART1_UART_Init) for MX_USART1_UART_Init
    main.o(i.main) refers to fsmc.o(i.MX_FSMC_Init) for MX_FSMC_Init
    main.o(i.main) refers to i2c.o(i.MX_I2C1_Init) for MX_I2C1_Init
    main.o(i.main) refers to myinit.o(.data) for MyInit
    main.o(i.main) refers to system.o(.data) for System
    gpio.o(i.MX_GPIO_Init) refers to memseta.o(.text) for __aeabi_memclr4
    gpio.o(i.MX_GPIO_Init) refers to stm32f4xx_hal_gpio.o(i.HAL_GPIO_WritePin) for HAL_GPIO_WritePin
    gpio.o(i.MX_GPIO_Init) refers to stm32f4xx_hal_gpio.o(i.HAL_GPIO_Init) for HAL_GPIO_Init
    gpio.o(i.MX_GPIO_Init) refers to stm32f4xx_hal_cortex.o(i.HAL_NVIC_SetPriority) for HAL_NVIC_SetPriority
    gpio.o(i.MX_GPIO_Init) refers to stm32f4xx_hal_cortex.o(i.HAL_NVIC_EnableIRQ) for HAL_NVIC_EnableIRQ
    fsmc.o(i.HAL_FSMC_MspInit) refers to memseta.o(.text) for __aeabi_memclr4
    fsmc.o(i.HAL_FSMC_MspInit) refers to stm32f4xx_hal_gpio.o(i.HAL_GPIO_Init) for HAL_GPIO_Init
    fsmc.o(i.HAL_FSMC_MspInit) refers to fsmc.o(.data) for .data
    fsmc.o(i.HAL_SRAM_MspDeInit) refers to stm32f4xx_hal_gpio.o(i.HAL_GPIO_DeInit) for HAL_GPIO_DeInit
    fsmc.o(i.HAL_SRAM_MspDeInit) refers to fsmc.o(.data) for .data
    fsmc.o(i.HAL_SRAM_MspInit) refers to fsmc.o(i.HAL_FSMC_MspInit) for HAL_FSMC_MspInit
    fsmc.o(i.MX_FSMC_Init) refers to memseta.o(.text) for __aeabi_memclr4
    fsmc.o(i.MX_FSMC_Init) refers to stm32f4xx_hal_sram.o(i.HAL_SRAM_Init) for HAL_SRAM_Init
    fsmc.o(i.MX_FSMC_Init) refers to main.o(i.Error_Handler) for Error_Handler
    fsmc.o(i.MX_FSMC_Init) refers to fsmc.o(.bss) for .bss
    i2c.o(i.HAL_I2C_MspDeInit) refers to stm32f4xx_hal_gpio.o(i.HAL_GPIO_DeInit) for HAL_GPIO_DeInit
    i2c.o(i.HAL_I2C_MspInit) refers to memseta.o(.text) for __aeabi_memclr4
    i2c.o(i.HAL_I2C_MspInit) refers to stm32f4xx_hal_gpio.o(i.HAL_GPIO_Init) for HAL_GPIO_Init
    i2c.o(i.MX_I2C1_Init) refers to stm32f4xx_hal_i2c.o(i.HAL_I2C_Init) for HAL_I2C_Init
    i2c.o(i.MX_I2C1_Init) refers to main.o(i.Error_Handler) for Error_Handler
    i2c.o(i.MX_I2C1_Init) refers to i2c.o(.bss) for .bss
    usart.o(i.HAL_UART_MspDeInit) refers to stm32f4xx_hal_gpio.o(i.HAL_GPIO_DeInit) for HAL_GPIO_DeInit
    usart.o(i.HAL_UART_MspInit) refers to memseta.o(.text) for __aeabi_memclr4
    usart.o(i.HAL_UART_MspInit) refers to stm32f4xx_hal_gpio.o(i.HAL_GPIO_Init) for HAL_GPIO_Init
    usart.o(i.MX_USART1_UART_Init) refers to stm32f4xx_hal_uart.o(i.HAL_UART_Init) for HAL_UART_Init
    usart.o(i.MX_USART1_UART_Init) refers to main.o(i.Error_Handler) for Error_Handler
    usart.o(i.MX_USART1_UART_Init) refers to usart.o(.bss) for .bss
[...]
    ../clib/microlib/init/entry.s            0x00000000   Number         0  entry.o ABSOLUTE
    ../clib/microlib/init/entry.s            0x00000000   Number         0  entry5.o ABSOLUTE
    ../clib/microlib/init/entry.s            0x00000000   Number         0  entry7b.o ABSOLUTE
    ../clib/microlib/init/entry.s            0x00000000   Number         0  entry11b.o ABSOLUTE
    ../clib/microlib/init/entry.s            0x00000000   Number         0  entry2.o ABSOLUTE
    ../clib/microlib/init/entry.s            0x00000000   Number         0  entry12b.o ABSOLUTE
    ../clib/microlib/init/entry.s            0x00000000   Number         0  entry12a.o ABSOLUTE
    ../clib/microlib/init/entry.s            0x00000000   Number         0  entry7a.o ABSOLUTE
    ../clib/microlib/init/entry.s            0x00000000   Number         0  entry11a.o ABSOLUTE
    ../clib/microlib/init/entry.s            0x00000000   Number         0  entry10b.o ABSOLUTE
    ../clib/microlib/init/entry.s            0x00000000   Number         0  entry10a.o ABSOLUTE
    ../clib/microlib/init/entry.s            0x00000000   Number         0  entry9b.o ABSOLUTE
    ../clib/microlib/init/entry.s            0x00000000   Number         0  entry9a.o ABSOLUTE
    ../clib/microlib/init/entry.s            0x00000000   Number         0  entry8b.o ABSOLUTE
    ../clib/microlib/longlong.c              0x00000000   Number         0  llshl.o ABSOLUTE
    ../clib/microlib/longlong.c              0x00000000   Number         0  llushr.o ABSOLUTE
    ../clib/microlib/longlong.c              0x00000000   Number         0  llsshr.o ABSOLUTE
    ../clib/microlib/printf/printf.c         0x00000000   Number         0  printf1.o ABSOLUTE
    ../clib/microlib/printf/printf.c         0x00000000   Number         0  printf2.o ABSOLUTE
    ../clib/microlib/printf/printf.c         0x00000000   Number         0  printf3.o ABSOLUTE
    ../clib/microlib/printf/printf.c         0x00000000   Number         0  printf4.o ABSOLUTE
    ../clib/microlib/printf/printf.c         0x00000000   Number         0  printf5.o ABSOLUTE
    ../clib/microlib/printf/printf.c         0x00000000   Number         0  printf6.o ABSOLUTE
    ../clib/microlib/printf/printf.c         0x00000000   Number         0  printfb.o ABSOLUTE
    ../clib/microlib/printf/printf.c         0x00000000   Number         0  printf8.o ABSOLUTE
    ../clib/microlib/printf/printf.c         0x00000000   Number         0  printfa.o ABSOLUTE
    ../clib/microlib/printf/printf.c         0x00000000   Number         0  printf7.o ABSOLUTE
    ../clib/microlib/printf/printf.c         0x00000000   Number         0  printf0.o ABSOLUTE
    ../clib/microlib/printf/stubs.s          0x00000000   Number         0  stubs.o ABSOLUTE
    ../clib/microlib/stdio/streams.c         0x00000000   Number         0  stdout.o ABSOLUTE
    ../clib/microlib/string/memset.c         0x00000000   Number         0  memseta.o ABSOLUTE
    ../clib/microlib/string/strcmp.c         0x00000000   Number         0  strcmp.o ABSOLUTE
    ../clib/microlib/stubs.s                 0x00000000   Number         0  iusefp.o ABSOLUTE
    ../fplib/microlib/f2d.c                  0x00000000   Number         0  f2d.o ABSOLUTE
    ../fplib/microlib/fpadd.c                0x00000000   Number         0  dadd.o ABSOLUTE
    ../fplib/microlib/fpdiv.c                0x00000000   Number         0  ddiv.o ABSOLUTE
    ../fplib/microlib/fpepilogue.c           0x00000000   Number         0  depilogue.o ABSOLUTE
    ../fplib/microlib/fpfix.c                0x00000000   Number         0  dfixul.o ABSOLUTE
    ../fplib/microlib/fpfix.c                0x00000000   Number         0  dfixui.o ABSOLUTE
    ../fplib/microlib/fpflt.c                0x00000000   Number         0  dfltui.o ABSOLUTE
    ../fplib/microlib/fpmul.c                0x00000000   Number         0  dmul.o ABSOLUTE
    ../fplib/microlib/fpsqrt.c               0x00000000   Number         0  dsqrt.o ABSOLUTE
    ../mathlib/sqrt.c                        0x00000000   Number         0  sqrt_x.o ABSOLUTE
    ../mathlib/sqrt.c                        0x00000000   Number         0  sqrt.o ABSOLUTE
    ..\Core\Src\fsmc.c                       0x00000000   Number         0  fsmc.o ABSOLUTE
    ..\Core\Src\gpio.c                       0x00000000   Number         0  gpio.o ABSOLUTE
    ..\Core\Src\i2c.c                        0x00000000   Number         0  i2c.o ABSOLUTE
    ..\Core\Src\main.c                       0x00000000   Number         0  main.o ABSOLUTE
    ..\Core\Src\stm32f4xx_hal_msp.c          0x00000000   Number         0  stm32f4xx_hal_msp.o ABSOLUTE
    ..\Core\Src\stm32f4xx_it.c               0x00000000   Number         0  stm32f4xx_it.o ABSOLUTE
    ..\Core\Src\system_stm32f4xx.c           0x00000000   Number         0  system_stm32f4xx.o ABSOLUTE
    ..\Core\Src\usart.c                      0x00000000   Number         0  usart.o ABSOLUTE
    ..\Drivers\STM32F4xx_HAL_Driver\Src\stm32f4xx_hal.c 0x00000000   Number         0  stm32f4xx_hal.o ABSOLUTE
    ..\Drivers\STM32F4xx_HAL_Driver\Src\stm32f4xx_hal_cortex.c 0x00000000   Number         0  stm32f4xx_hal_cortex.o ABSOLUTE
    ..\Drivers\STM32F4xx_HAL_Driver\Src\stm32f4xx_hal_dma.c 0x00000000   Number         0  stm32f4xx_hal_dma.o ABSOLUTE
    ..\Drivers\STM32F4xx_HAL_Driver\Src\stm32f4xx_hal_dma_ex.c 0x00000000   Number         0  stm32f4xx_hal_dma_ex.o ABSOLUTE
    ..\Drivers\STM32F4xx_HAL_Driver\Src\stm32f4xx_hal_exti.c 0x00000000   Number         0  stm32f4xx_hal_exti.o ABSOLUTE
    ..\Drivers\STM32F4xx_HAL_Driver\Src\stm32f4xx_hal_flash.c 0x00000000   Number         0  stm32f4xx_hal_flash.o ABSOLUTE
    ..\Drivers\STM32F4xx_HAL_Driver\Src\stm32f4xx_hal_flash_ex.c 0x00000000   Number         0  stm32f4xx_hal_flash_ex.o ABSOLUTE
    ..\Drivers\STM32F4xx_HAL_Driver\Src\stm32f4xx_hal_flash_ramfunc.c 0x00000000   Number         0  stm32f4xx_hal_flash_ramfunc.o ABSOLUTE
    ..\Drivers\STM32F4xx_HAL_Driver\Src\stm32f4xx_hal_gpio.c 0x00000000   Number         0  stm32f4xx_hal_gpio.o ABSOLUTE
    ..\Drivers\STM32F4xx_HAL_Driver\Src\stm32f4xx_hal_i2c.c 0x00000000   Number         0  stm32f4xx_hal_i2c.o ABSOLUTE
    ..\Drivers\STM32F4xx_HAL_Driver\Src\stm32f4xx_hal_i2c_ex.c 0x00000000   Number         0  stm32f4xx_hal_i2c_ex.o ABSOLUTE
    ..\Drivers\STM32F4xx_HAL_Driver\Src\stm32f4xx_hal_pwr.c 0x00000000   Number         0  stm32f4xx_hal_pwr.o ABSOLUTE
    ..\Drivers\STM32F4xx_HAL_Driver\Src\stm32f4xx_hal_pwr_ex.c 0x00000000   Number         0  stm32f4xx_hal_pwr_ex.o ABSOLUTE
    ..\Drivers\STM32F4xx_HAL_Driver\Src\stm32f4xx_hal_rcc.c 0x00000000   Number         0  stm32f4xx_hal_rcc.o ABSOLUTE
    ..\Drivers\STM32F4xx_HAL_Driver\Src\stm32f4xx_hal_rcc_ex.c 0x00000000   Number         0  stm32f4xx_hal_rcc_ex.o ABSOLUTE
    ..\Drivers\STM32F4xx_HAL_Driver\Src\stm32f4xx_hal_sram.c 0x00000000   Number         0  stm32f4xx_hal_sram.o ABSOLUTE
    ..\Drivers\STM32F4xx_HAL_Driver\Src\stm32f4xx_hal_tim.c 0x00000000   Number         0  stm32f4xx_hal_tim.o ABSOLUTE
    ..\Drivers\STM32F4xx_HAL_Driver\Src\stm32f4xx_hal_tim_ex.c 0x00000000   Number         0  stm32f4xx_hal_tim_ex.o ABSOLUTE
    ..\Drivers\STM32F4xx_HAL_Driver\Src\stm32f4xx_hal_uart.c 0x00000000   Number         0  stm32f4xx_hal_uart.o ABSOLUTE
    ..\Drivers\STM32F4xx_HAL_Driver\Src\stm32f4xx_ll_fsmc.c 0x00000000   Number         0  stm32f4xx_ll_fsmc.o ABSOLUTE
    ..\MyApplication\CallBack.c              0x00000000   Number         0  callback.o ABSOLUTE
    ..\MyApplication\KEY.c                   0x00000000   Number         0  key.o ABSOLUTE
    ..\MyApplication\LED.c                   0x00000000   Number         0  led.o ABSOLUTE
    ..\MyApplication\MyInit.c                0x00000000   Number         0  myinit.o ABSOLUTE
    ..\MyApplication\Public.c                0x00000000   Number         0  public.o ABSOLUTE
    ..\MyApplication\System.c                0x00000000   Number         0  system.o ABSOLUTE
    ..\SYSTEM\delay.c                        0x00000000   Number         0  delay.o ABSOLUTE
    ..\SYSTEM\sys.c                          0x00000000   Number         0  sys.o ABSOLUTE
    ..\TOUCH\24cxx.c                         0x00000000   Number         0  24cxx.o ABSOLUTE
    ..\TOUCH\ctiic.c                         0x00000000   Number         0  ctiic.o ABSOLUTE
    ..\TOUCH\ft5206.c                        0x00000000   Number         0  ft5206.o ABSOLUTE
    ..\TOUCH\gt9147.c                        0x00000000   Number         0  gt9147.o ABSOLUTE
    ..\TOUCH\lcd.c                           0x00000000   Number         0  lcd.o ABSOLUTE
    ..\TOUCH\myiic.c                         0x00000000   Number         0  myiic.o ABSOLUTE
    ..\TOUCH\ott2001a.c                      0x00000000   Number         0  ott2001a.o ABSOLUTE
    ..\TOUCH\touch.c                         0x00000000   Number         0  touch.o ABSOLUTE
    ..\\MyApplication\\CallBack.c            0x00000000   Number         0  callback.o ABSOLUTE
    ..\\MyApplication\\KEY.c                 0x00000000   Number         0  key.o ABSOLUTE
    ..\\MyApplication\\LED.c                 0x00000000   Number         0  led.o ABSOLUTE
    ..\\MyApplication\\MyInit.c              0x00000000   Number         0  myinit.o ABSOLUTE
    ..\\MyApplication\\Public.c              0x00000000   Number         0  public.o ABSOLUTE
    ..\\MyApplication\\System.c              0x00000000   Number         0  system.o ABSOLUTE
    ..\\SYSTEM\\delay.c                      0x00000000   Number         0  delay.o ABSOLUTE
    ..\\SYSTEM\\sys.c                        0x00000000   Number         0  sys.o ABSOLUTE
    ..\\TOUCH\\24cxx.c                       0x00000000   Number         0  24cxx.o ABSOLUTE
    ..\\TOUCH\\ctiic.c                       0x00000000   Number         0  ctiic.o ABSOLUTE
    ..\\TOUCH\\ft5206.c                      0x00000000   Number         0  ft5206.o ABSOLUTE
    ..\\TOUCH\\gt9147.c                      0x00000000   Number         0  gt9147.o ABSOLUTE
    ..\\TOUCH\\lcd.c                         0x00000000   Number         0  lcd.o ABSOLUTE
    ..\\TOUCH\\myiic.c                       0x00000000   Number         0  myiic.o ABSOLUTE
    ..\\TOUCH\\ott2001a.c                    0x00000000   Number         0  ott2001a.o ABSOLUTE
    ..\\TOUCH\\touch.c                       0x00000000   Number         0  touch.o ABSOLUTE
    cdcmple.s                                0x00000000   Number         0  cdcmple.o ABSOLUTE
    cdrcmple.s                               0x00000000   Number         0  cdrcmple.o ABSOLUTE
    dc.s                                     0x00000000   Number         0  dc.o ABSOLUTE
    handlers.s                               0x00000000   Number         0  handlers.o ABSOLUTE
    init.s                                   0x00000000   Number         0  init.o ABSOLUTE
    startup_stm32f407xx.s                    0x00000000   Number         0  startup_stm32f407xx.o ABSOLUTE
    RESET                                    0x08000000   Section      392  startup_stm32f407xx.o(RESET)
    .ARM.Collect$$$$00000000                 0x08000188   Section        0  entry.o(.ARM.Collect$$$$00000000)
    .ARM.Collect$$$$00000001                 0x08000188   Section        4  entry2.o(.ARM.Collect$$$$00000001)
    .ARM.Collect$$$$00000004                 0x0800018c   Section        4  entry5.o(.ARM.Collect$$$$00000004)
    .ARM.Collect$$$$00000008                 0x08000190   Section        0  entry7b.o(.ARM.Collect$$$$00000008)
    .ARM.Collect$$$$0000000A                 0x08000190   Section        0  entry8b.o(.ARM.Collect$$$$0000000A)
    .ARM.Collect$$$$0000000B                 0x08000190   Section        8  entry9a.o(.ARM.Collect$$$$0000000B)
    .ARM.Collect$$$$0000000E                 0x08000198   Section        4  entry12b.o(.ARM.Collect$$$$0000000E)
    .ARM.Collect$$$$0000000F                 0x0800019c   Section        0  entry10a.o(.ARM.Collect$$$$0000000F)
    .ARM.Collect$$$$00000011                 0x0800019c   Section        0  entry11a.o(.ARM.Collect$$$$00000011)
    .ARM.Collect$$$$00002712                 0x0800019c   Section        4  entry2.o(.ARM.Collect$$$$00002712)
    __lit__00000000                          0x0800019c   Data           4  entry2.o(.ARM.Collect$$$$00002712)
    .text                                    0x080001a0   Section       36  startup_stm32f407xx.o(.text)
    $v0                                      0x080001a0   Number         0  startup_stm32f407xx.o(.text)
    .text                                    0x080001c4   Section        0  uldiv.o(.text)
    .text                                    0x08000226   Section        0  memseta.o(.text)
    .text                                    0x0800024a   Section        0  strcmp.o(.text)
    .text                                    0x08000266   Section        0  dadd.o(.text)
    .text                                    0x080003b4   Section        0  dmul.o(.text)
    .text                                    0x08000498   Section        0  dfltui.o(.text)
    .text                                    0x080004b2   Section        0  dfixui.o(.text)
    .text                                    0x080004e4   Section        0  f2d.o(.text)
    .text                                    0x0800050c   Section       48  cdcmple.o(.text)
    .text                                    0x0800053c   Section       48  cdrcmple.o(.text)
    .text                                    0x0800056c   Section        0  llshl.o(.text)
    .text                                    0x0800058a   Section        0  llushr.o(.text)
    .text                                    0x080005aa   Section        0  llsshr.o(.text)
    .text                                    0x080005ce   Section        0  iusefp.o(.text)
    .text                                    0x080005ce   Section        0  depilogue.o(.text)
    .text                                    0x08000688   Section        0  dsqrt.o(.text)
    .text                                    0x0800072c   Section       36  init.o(.text)
    i.AT24CXX_Init                           0x08000750   Section        0  24cxx.o(i.AT24CXX_Init)
    i.AT24CXX_ReadLenByte                    0x08000754   Section        0  24cxx.o(i.AT24CXX_ReadLenByte)
    i.AT24CXX_ReadOneByte                    0x0800077e   Section        0  24cxx.o(i.AT24CXX_ReadOneByte)
    i.AT24CXX_WriteLenByte                   0x080007c0   Section        0  24cxx.o(i.AT24CXX_WriteLenByte)
    i.AT24CXX_WriteOneByte                   0x080007ea   Section        0  24cxx.o(i.AT24CXX_WriteOneByte)
    i.Assert_Failed                          0x08000828   Section        0  system.o(i.Assert_Failed)
    Assert_Failed                            0x08000829   Thumb Code     2  system.o(i.Assert_Failed)
    i.BusFault_Handler                       0x0800082a   Section        0  stm32f4xx_it.o(i.BusFault_Handler)
    i.CT_IIC_Ack                             0x0800082c   Section        0  ctiic.o(i.CT_IIC_Ack)
    i.CT_IIC_Init                            0x08000878   Section        0  ctiic.o(i.CT_IIC_Init)
    i.CT_IIC_NAck                            0x080008e4   Section        0  ctiic.o(i.CT_IIC_NAck)
    i.CT_IIC_Read_Byte                       0x08000930   Section        0  ctiic.o(i.CT_IIC_Read_Byte)
    i.CT_IIC_Send_Byte                       0x080009a4   Section        0  ctiic.o(i.CT_IIC_Send_Byte)
    i.CT_IIC_Start                           0x08000a0c   Section        0  ctiic.o(i.CT_IIC_Start)
    i.CT_IIC_Stop                            0x08000a58   Section        0  ctiic.o(i.CT_IIC_Stop)
    i.CT_IIC_Wait_Ack                        0x08000a9c   Section        0  ctiic.o(i.CT_IIC_Wait_Ack)
    i.DebugMon_Handler                       0x08000af0   Section        0  stm32f4xx_it.o(i.DebugMon_Handler)
    i.EXTI0_IRQHandler                       0x08000af2   Section        0  stm32f4xx_it.o(i.EXTI0_IRQHandler)
    i.EXTI4_IRQHandler                       0x08000af8   Section        0  stm32f4xx_it.o(i.EXTI4_IRQHandler)
    i.Error_Handler                          0x08000b00   Section        0  main.o(i.Error_Handler)
    i.Error_Handler                          0x08000b0c   Section        0  system.o(i.Error_Handler)
    Error_Handler                            0x08000b0d   Thumb Code     2  system.o(i.Error_Handler)
    i.FSMC_NORSRAM_Extended_Timing_Init      0x08000b10   Section        0  stm32f4xx_ll_fsmc.o(i.FSMC_NORSRAM_Extended_Timing_Init)
    i.FSMC_NORSRAM_Init                      0x08000b5c   Section        0  stm32f4xx_ll_fsmc.o(i.FSMC_NORSRAM_Init)
    i.FSMC_NORSRAM_Timing_Init               0x08000bb8   Section        0  stm32f4xx_ll_fsmc.o(i.FSMC_NORSRAM_Timing_Init)
    i.FT5206_Init                            0x08000c00   Section        0  ft5206.o(i.FT5206_Init)
    i.FT5206_RD_Reg                          0x08000ce8   Section        0  ft5206.o(i.FT5206_RD_Reg)
    i.FT5206_Scan                            0x08000d40   Section        0  ft5206.o(i.FT5206_Scan)
    i.FT5206_WR_Reg                          0x08000e80   Section        0  ft5206.o(i.FT5206_WR_Reg)
    i.GT9147_Init                            0x08000ec8   Section        0  gt9147.o(i.GT9147_Init)
    i.GT9147_RD_Reg                          0x08000ff4   Section        0  gt9147.o(i.GT9147_RD_Reg)
    i.GT9147_Scan                            0x08001054   Section        0  gt9147.o(i.GT9147_Scan)
    i.GT9147_Send_Cfg                        0x080011c0   Section        0  gt9147.o(i.GT9147_Send_Cfg)
    i.GT9147_WR_Reg                          0x08001210   Section        0  gt9147.o(i.GT9147_WR_Reg)
    i.HAL_FSMC_MspInit                       0x08001264   Section        0  fsmc.o(i.HAL_FSMC_MspInit)
    HAL_FSMC_MspInit                         0x08001265   Thumb Code   144  fsmc.o(i.HAL_FSMC_MspInit)
    i.HAL_GPIO_EXTI_Callback                 0x0800130c   Section        0  callback.o(i.HAL_GPIO_EXTI_Callback)
    i.HAL_GPIO_EXTI_IRQHandler               0x08001364   Section        0  stm32f4xx_hal_gpio.o(i.HAL_GPIO_EXTI_IRQHandler)
    i.HAL_GPIO_Init                          0x0800137c   Section        0  stm32f4xx_hal_gpio.o(i.HAL_GPIO_Init)
    i.HAL_GPIO_WritePin                      0x080015ac   Section        0  stm32f4xx_hal_gpio.o(i.HAL_GPIO_WritePin)
    i.HAL_GetTick                            0x080015bc   Section        0  stm32f4xx_hal.o(i.HAL_GetTick)
    i.HAL_I2C_Init                           0x080015c8   Section        0  stm32f4xx_hal_i2c.o(i.HAL_I2C_Init)
    i.HAL_I2C_MspInit                        0x08001774   Section        0  i2c.o(i.HAL_I2C_MspInit)
    i.HAL_IncTick                            0x080017e0   Section        0  stm32f4xx_hal.o(i.HAL_IncTick)
    i.HAL_Init                               0x080017f0   Section        0  stm32f4xx_hal.o(i.HAL_Init)
    i.HAL_InitTick                           0x08001824   Section        0  stm32f4xx_hal.o(i.HAL_InitTick)
    i.HAL_MspInit                            0x08001868   Section        0  stm32f4xx_hal_msp.o(i.HAL_MspInit)
    i.HAL_NVIC_EnableIRQ                     0x0800189c   Section        0  stm32f4xx_hal_cortex.o(i.HAL_NVIC_EnableIRQ)
    i.HAL_NVIC_SetPriority                   0x080018b8   Section        0  stm32f4xx_hal_cortex.o(i.HAL_NVIC_SetPriority)
    i.HAL_NVIC_SetPriorityGrouping           0x08001920   Section        0  stm32f4xx_hal_cortex.o(i.HAL_NVIC_SetPriorityGrouping)
    i.HAL_RCC_ClockConfig                    0x08001944   Section        0  stm32f4xx_hal_rcc.o(i.HAL_RCC_ClockConfig)
    i.HAL_RCC_GetHCLKFreq                    0x08001ac0   Section        0  stm32f4xx_hal_rcc.o(i.HAL_RCC_GetHCLKFreq)
    i.HAL_RCC_GetPCLK1Freq                   0x08001acc   Section        0  stm32f4xx_hal_rcc.o(i.HAL_RCC_GetPCLK1Freq)
    i.HAL_RCC_GetPCLK2Freq                   0x08001aec   Section        0  stm32f4xx_hal_rcc.o(i.HAL_RCC_GetPCLK2Freq)
    i.HAL_RCC_GetSysClockFreq                0x08001b0c   Section        0  stm32f4xx_hal_rcc.o(i.HAL_RCC_GetSysClockFreq)
    i.HAL_RCC_OscConfig                      0x08001b7c   Section        0  stm32f4xx_hal_rcc.o(i.HAL_RCC_OscConfig)
    i.HAL_SRAM_Init                          0x08001ffe   Section        0  stm32f4xx_hal_sram.o(i.HAL_SRAM_Init)
    i.HAL_SRAM_MspInit                       0x08002056   Section        0  fsmc.o(i.HAL_SRAM_MspInit)
    i.HAL_SYSTICK_CLKSourceConfig            0x0800205a   Section        0  stm32f4xx_hal_cortex.o(i.HAL_SYSTICK_CLKSourceConfig)
    i.HAL_SYSTICK_Config                     0x08002078   Section        0  stm32f4xx_hal_cortex.o(i.HAL_SYSTICK_Config)
    i.HAL_UART_Init                          0x080020a0   Section        0  stm32f4xx_hal_uart.o(i.HAL_UART_Init)
    i.HAL_UART_MspInit                       0x08002104   Section        0  usart.o(i.HAL_UART_MspInit)
    i.HAL_UART_Transmit                      0x08002170   Section        0  stm32f4xx_hal_uart.o(i.HAL_UART_Transmit)
    i.HardFault_Handler                      0x0800223a   Section        0  stm32f4xx_it.o(i.HardFault_Handler)
    i.IIC_Ack                                0x0800223c   Section        0  myiic.o(i.IIC_Ack)
    i.IIC_Init                               0x0800227c   Section        0  myiic.o(i.IIC_Init)
    i.IIC_NAck                               0x080022c4   Section        0  myiic.o(i.IIC_NAck)
    i.IIC_Read_Byte                          0x08002304   Section        0  myiic.o(i.IIC_Read_Byte)
    i.IIC_Send_Byte                          0x0800236c   Section        0  myiic.o(i.IIC_Send_Byte)
    i.IIC_Start                              0x080023cc   Section        0  myiic.o(i.IIC_Start)
    i.IIC_Stop                               0x0800240c   Section        0  myiic.o(i.IIC_Stop)
    i.IIC_Wait_Ack                           0x08002450   Section        0  myiic.o(i.IIC_Wait_Ack)
    i.KEY1_Detect                            0x080024a4   Section        0  key.o(i.KEY1_Detect)
    KEY1_Detect                              0x080024a5   Thumb Code    18  key.o(i.KEY1_Detect)
    i.KEY2_Detect                            0x080024bc   Section        0  key.o(i.KEY2_Detect)
    KEY2_Detect                              0x080024bd   Thumb Code    18  key.o(i.KEY2_Detect)
    i.LCD_Clear                              0x080024d4   Section        0  lcd.o(i.LCD_Clear)
    i.LCD_Display_Dir                        0x08002508   Section        0  lcd.o(i.LCD_Display_Dir)
    i.LCD_DrawLine                           0x080025e0   Section        0  lcd.o(i.LCD_DrawLine)
    i.LCD_DrawPoint                          0x0800267c   Section        0  lcd.o(i.LCD_DrawPoint)
    i.LCD_Draw_Circle                        0x08002698   Section        0  lcd.o(i.LCD_Draw_Circle)
    i.LCD_Fast_DrawPoint                     0x08002748   Section        0  lcd.o(i.LCD_Fast_DrawPoint)
    i.LCD_Init                               0x08002828   Section        0  lcd.o(i.LCD_Init)
    i.LCD_Pow                                0x08004bc4   Section        0  lcd.o(i.LCD_Pow)
    i.LCD_RD_DATA                            0x08004bd4   Section        0  lcd.o(i.LCD_RD_DATA)
    i.LCD_SSD_BackLightSet                   0x08004be8   Section        0  lcd.o(i.LCD_SSD_BackLightSet)
    i.LCD_Scan_Dir                           0x08004c38   Section        0  lcd.o(i.LCD_Scan_Dir)
    i.LCD_SetCursor                          0x08004df0   Section        0  lcd.o(i.LCD_SetCursor)
    i.LCD_ShowChar                           0x08004ef4   Section        0  lcd.o(i.LCD_ShowChar)
    i.LCD_ShowNum                            0x08004fd8   Section        0  lcd.o(i.LCD_ShowNum)
    i.LCD_ShowString                         0x0800504e   Section        0  lcd.o(i.LCD_ShowString)
    i.LCD_WR_DATA                            0x080050a2   Section        0  lcd.o(i.LCD_WR_DATA)
    i.LCD_WR_REG                             0x080050ba   Section        0  lcd.o(i.LCD_WR_REG)
    i.LCD_WriteRAM_Prepare                   0x080050d4   Section        0  lcd.o(i.LCD_WriteRAM_Prepare)
    i.LCD_WriteReg                           0x080050e8   Section        0  lcd.o(i.LCD_WriteReg)
    i.MX_FSMC_Init                           0x080050f4   Section        0  fsmc.o(i.MX_FSMC_Init)
    i.MX_GPIO_Init                           0x0800517c   Section        0  gpio.o(i.MX_GPIO_Init)
    i.MX_I2C1_Init                           0x080052e8   Section        0  i2c.o(i.MX_I2C1_Init)
    i.MX_USART1_UART_Init                    0x08005328   Section        0  usart.o(i.MX_USART1_UART_Init)
    i.MemManage_Handler                      0x08005360   Section        0  stm32f4xx_it.o(i.MemManage_Handler)
    i.NMI_Handler                            0x08005362   Section        0  stm32f4xx_it.o(i.NMI_Handler)
    i.OTT2001A_Init                          0x08005364   Section        0  ott2001a.o(i.OTT2001A_Init)
    i.OTT2001A_RD_Reg                        0x08005418   Section        0  ott2001a.o(i.OTT2001A_RD_Reg)
    i.OTT2001A_Scan                          0x08005478   Section        0  ott2001a.o(i.OTT2001A_Scan)
    i.OTT2001A_SensorControl                 0x080055fc   Section        0  ott2001a.o(i.OTT2001A_SensorControl)
    i.OTT2001A_WR_Reg                        0x0800561a   Section        0  ott2001a.o(i.OTT2001A_WR_Reg)
    i.PendSV_Handler                         0x0800566c   Section        0  stm32f4xx_it.o(i.PendSV_Handler)
    i.Peripheral_Set                         0x08005670   Section        0  myinit.o(i.Peripheral_Set)
    Peripheral_Set                           0x08005671   Thumb Code    26  myinit.o(i.Peripheral_Set)
    i.Run                                    0x08005690   Section        0  system.o(i.Run)
    Run                                      0x08005691   Thumb Code     2  system.o(i.Run)
    i.SVC_Handler                            0x08005692   Section        0  stm32f4xx_it.o(i.SVC_Handler)
    i.SysTick_Handler                        0x08005694   Section        0  stm32f4xx_it.o(i.SysTick_Handler)
    i.SystemClock_Config                     0x08005698   Section        0  main.o(i.SystemClock_Config)
    i.SystemInit                             0x08005734   Section        0  system_stm32f4xx.o(i.SystemInit)
    i.TP_Adj_Info_Show                       0x08005744   Section        0  touch.o(i.TP_Adj_Info_Show)
    i.TP_Adjust                              0x080058bc   Section        0  touch.o(i.TP_Adjust)
    i.TP_Drow_Touch_Point                    0x08005e80   Section        0  touch.o(i.TP_Drow_Touch_Point)
    i.TP_Get_Adjdata                         0x08005ef0   Section        0  touch.o(i.TP_Get_Adjdata)
    i.TP_Init                                0x08005f7c   Section        0  touch.o(i.TP_Init)
    i.TP_Read_AD                             0x080060a0   Section        0  touch.o(i.TP_Read_AD)
    i.TP_Read_XOY                            0x0800612c   Section        0  touch.o(i.TP_Read_XOY)
    i.TP_Read_XY                             0x08006190   Section        0  touch.o(i.TP_Read_XY)
    i.TP_Read_XY2                            0x080061b8   Section        0  touch.o(i.TP_Read_XY2)
    i.TP_Save_Adjdata                        0x08006234   Section        0  touch.o(i.TP_Save_Adjdata)
    i.TP_Scan                                0x080062ac   Section        0  touch.o(i.TP_Scan)
    i.TP_Write_Byte                          0x0800636c   Section        0  touch.o(i.TP_Write_Byte)
    i.UART_SetConfig                         0x080063b4   Section        0  stm32f4xx_hal_uart.o(i.UART_SetConfig)
    UART_SetConfig                           0x080063b5   Thumb Code   248  stm32f4xx_hal_uart.o(i.UART_SetConfig)
    i.UART_WaitOnFlagUntilTimeout            0x080064b0   Section        0  stm32f4xx_hal_uart.o(i.UART_WaitOnFlagUntilTimeout)
    UART_WaitOnFlagUntilTimeout              0x080064b1   Thumb Code   120  stm32f4xx_hal_uart.o(i.UART_WaitOnFlagUntilTimeout)
    i.UsageFault_Handler                     0x08006528   Section        0  stm32f4xx_it.o(i.UsageFault_Handler)
    i.__0printf$5                            0x0800652c   Section        0  printf5.o(i.__0printf$5)
    i.__hardfp_sqrt                          0x0800654c   Section        0  sqrt.o(i.__hardfp_sqrt)
    i.__scatterload_copy                     0x080065c6   Section       14  handlers.o(i.__scatterload_copy)
    i.__scatterload_null                     0x080065d4   Section        2  handlers.o(i.__scatterload_null)
    i.__scatterload_zeroinit                 0x080065d6   Section       14  handlers.o(i.__scatterload_zeroinit)
    i.__set_errno                            0x080065e4   Section        0  errno.o(i.__set_errno)
    i._printf_core                           0x080065f0   Section        0  printf5.o(i._printf_core)
    _printf_core                             0x080065f1   Thumb Code   660  printf5.o(i._printf_core)
    i.delay_init                             0x080068b0   Section        0  delay.o(i.delay_init)
    i.delay_ms                               0x080068c4   Section        0  delay.o(i.delay_ms)
    i.delay_us                               0x080068e0   Section        0  delay.o(i.delay_us)
    i.fputc                                  0x08006914   Section        0  public.o(i.fputc)
    i.main                                   0x0800692c   Section        0  main.o(i.main)
    .constdata                               0x0800695c   Section    18240  lcd.o(.constdata)
    .constdata                               0x0800b09c   Section       10  ft5206.o(.constdata)
    .constdata                               0x0800b0a6   Section      194  gt9147.o(.constdata)
    .constdata                               0x0800b168   Section       10  ott2001a.o(.constdata)
    .constdata                               0x0800b174   Section        4  touch.o(.constdata)
    .constdata                               0x0800b178   Section       16  system_stm32f4xx.o(.constdata)
    .constdata                               0x0800b188   Section        8  system_stm32f4xx.o(.constdata)
    .conststring                             0x0800b190   Section      121  touch.o(.conststring)
    .data                                    0x20000000   Section        8  fsmc.o(.data)
    FSMC_Initialized                         0x20000000   Data           4  fsmc.o(.data)
    FSMC_DeInitialized                       0x20000004   Data           4  fsmc.o(.data)
    .data                                    0x20000008   Section        4  myinit.o(.data)
    .data                                    0x2000000c   Section       12  system.o(.data)
    .data                                    0x20000018   Section       16  key.o(.data)
    .data                                    0x20000028   Section        8  lcd.o(.data)
    .data                                    0x20000030   Section        1  ft5206.o(.data)
    t                                        0x20000030   Data           1  ft5206.o(.data)
    .data                                    0x20000031   Section        1  gt9147.o(.data)
    t                                        0x20000031   Data           1  gt9147.o(.data)
    .data                                    0x20000032   Section        1  ott2001a.o(.data)
    t                                        0x20000032   Data           1  ott2001a.o(.data)
    .data                                    0x20000034   Section       56  touch.o(.data)
    .data                                    0x2000006c   Section        4  delay.o(.data)
    fac_us                                   0x2000006c   Data           4  delay.o(.data)
    .data                                    0x20000070   Section       12  stm32f4xx_hal.o(.data)
    .data                                    0x2000007c   Section        4  system_stm32f4xx.o(.data)
    .data                                    0x20000080   Section        4  stdout.o(.data)
    .data                                    0x20000084   Section        4  errno.o(.data)
    _errno                                   0x20000084   Data           4  errno.o(.data)
    .bss                                     0x20000088   Section       80  fsmc.o(.bss)
    .bss                                     0x200000d8   Section       84  i2c.o(.bss)
    .bss                                     0x2000012c   Section       68  usart.o(.bss)
    .bss                                     0x20000170   Section       94  lcd.o(.bss)
    STACK                                    0x200001d0   Section     1024  startup_stm32f407xx.o(STACK)

    Global Symbols

    Symbol Name                              Value     Ov Type        Size  Object(Section)

    BuildAttributes$$THM_ISAv4$E$P$D$K$B$S$7EM$VFPi3$EXTD16$VFPS$VFMA$PE$A:L22UL41UL21$X:L11$S22US41US21$IEEE1$IW$USESV6$~STKCKD$USESV7$~SHL$OTIME$ROPI$IEEEJ$EBA8$MICROLIB$REQ8$PRES8$EABIv2 0x00000000   Number         0  anon$$obj.o ABSOLUTE
    __ARM_use_no_argv                        0x00000000   Number         0  main.o ABSOLUTE
    _printf_a                                0x00000000   Number         0  stubs.o ABSOLUTE
    _printf_c                                0x00000000   Number         0  stubs.o ABSOLUTE
    _printf_charcount                        0x00000000   Number         0  stubs.o ABSOLUTE
    _printf_d                                0x00000000   Number         0  stubs.o ABSOLUTE
    _printf_e                                0x00000000   Number         0  stubs.o ABSOLUTE
    _printf_f                                0x00000000   Number         0  stubs.o ABSOLUTE
    _printf_flags                            0x00000000   Number         0  stubs.o ABSOLUTE
    _printf_fp_dec                           0x00000000   Number         0  stubs.o ABSOLUTE
    _printf_fp_hex                           0x00000000   Number         0  stubs.o ABSOLUTE
    _printf_g                                0x00000000   Number         0  stubs.o ABSOLUTE
    _printf_i                                0x00000000   Number         0  stubs.o ABSOLUTE
    _printf_int_dec                          0x00000000   Number         0  stubs.o ABSOLUTE
    _printf_l                                0x00000000   Number         0  stubs.o ABSOLUTE
    _printf_lc                               0x00000000   Number         0  stubs.o ABSOLUTE
    _printf_ll                               0x00000000   Number         0  stubs.o ABSOLUTE
    _printf_lld                              0x00000000   Number         0  stubs.o ABSOLUTE
    _printf_lli                              0x00000000   Number         0  stubs.o ABSOLUTE
    _printf_llo                              0x00000000   Number         0  stubs.o ABSOLUTE
    _printf_llu                              0x00000000   Number         0  stubs.o ABSOLUTE
    _printf_llx                              0x00000000   Number         0  stubs.o ABSOLUTE
    _printf_longlong_dec                     0x00000000   Number         0  stubs.o ABSOLUTE
    _printf_longlong_hex                     0x00000000   Number         0  stubs.o ABSOLUTE
    _printf_longlong_oct                     0x00000000   Number         0  stubs.o ABSOLUTE
    _printf_ls                               0x00000000   Number         0  stubs.o ABSOLUTE
    _printf_mbtowc                           0x00000000   Number         0  stubs.o ABSOLUTE
    _printf_n                                0x00000000   Number         0  stubs.o ABSOLUTE
    _printf_o                                0x00000000   Number         0  stubs.o ABSOLUTE
    _printf_p                                0x00000000   Number         0  stubs.o ABSOLUTE
    _printf_percent                          0x00000000   Number         0  stubs.o ABSOLUTE
    _printf_pre_padding                      0x00000000   Number         0  stubs.o ABSOLUTE
    _printf_return_value                     0x00000000   Number         0  stubs.o ABSOLUTE
    _printf_s                                0x00000000   Number         0  stubs.o ABSOLUTE
    _printf_sizespec                         0x00000000   Number         0  stubs.o ABSOLUTE
    _printf_str                              0x00000000   Number         0  stubs.o ABSOLUTE
    _printf_truncate_signed                  0x00000000   Number         0  stubs.o ABSOLUTE
    _printf_truncate_unsigned                0x00000000   Number         0  stubs.o ABSOLUTE
    _printf_u                                0x00000000   Number         0  stubs.o ABSOLUTE
    _printf_wc                               0x00000000   Number         0  stubs.o ABSOLUTE
    _printf_wctomb                           0x00000000   Number         0  stubs.o ABSOLUTE
    _printf_widthprec                        0x00000000   Number         0  stubs.o ABSOLUTE
    _printf_x                                0x00000000   Number         0  stubs.o ABSOLUTE
    __arm_fini_                               - Undefined Weak Reference
    __cpp_initialize__aeabi_                  - Undefined Weak Reference
    __cxa_finalize                            - Undefined Weak Reference
    __decompress                              - Undefined Weak Reference
    _clock_init                               - Undefined Weak Reference
    _microlib_exit                            - Undefined Weak Reference
    __Vectors_Size                           0x00000188   Number         0  startup_stm32f407xx.o ABSOLUTE
    __Vectors                                0x08000000   Data           4  startup_stm32f407xx.o(RESET)
    __Vectors_End                            0x08000188   Data           0  startup_stm32f407xx.o(RESET)
    __main                                   0x08000189   Thumb Code     0  entry.o(.ARM.Collect$$$$00000000)
    _main_stk                                0x08000189   Thumb Code     0  entry2.o(.ARM.Collect$$$$00000001)
    _main_scatterload                        0x0800018d   Thumb Code     0  entry5.o(.ARM.Collect$$$$00000004)
    __main_after_scatterload                 0x08000191   Thumb Code     0  entry5.o(.ARM.Collect$$$$00000004)
    _main_clock                              0x08000191   Thumb Code     0  entry7b.o(.ARM.Collect$$$$00000008)
    _main_cpp_init                           0x08000191   Thumb Code     0  entry8b.o(.ARM.Collect$$$$0000000A)
    _main_init                               0x08000191   Thumb Code     0  entry9a.o(.ARM.Collect$$$$0000000B)
    __rt_lib_shutdown_fini                   0x08000199   Thumb Code     0  entry12b.o(.ARM.Collect$$$$0000000E)
    __rt_final_cpp                           0x0800019d   Thumb Code     0  entry10a.o(.ARM.Collect$$$$0000000F)
    __rt_final_exit                          0x0800019d   Thumb Code     0  entry11a.o(.ARM.Collect$$$$00000011)
    Reset_Handler                            0x080001a1   Thumb Code     8  startup_stm32f407xx.o(.text)
    ADC_IRQHandler                           0x080001bb   Thumb Code     0  startup_stm32f407xx.o(.text)
    CAN1_RX0_IRQHandler                      0x080001bb   Thumb Code     0  startup_stm32f407xx.o(.text)
    CAN1_RX1_IRQHandler                      0x080001bb   Thumb Code     0  startup_stm32f407xx.o(.text)
    CAN1_SCE_IRQHandler                      0x080001bb   Thumb Code     0  startup_stm32f407xx.o(.text)
    CAN1_TX_IRQHandler                       0x080001bb   Thumb Code     0  startup_stm32f407xx.o(.text)
    CAN2_RX0_IRQHandler                      0x080001bb   Thumb Code     0  startup_stm32f407xx.o(.text)
    CAN2_RX1_IRQHandler                      0x080001bb   Thumb Code     0  startup_stm32f407xx.o(.text)
    CAN2_SCE_IRQHandler                      0x080001bb   Thumb Code     0  startup_stm32f407xx.o(.text)
    CAN2_TX_IRQHandler                       0x080001bb   Thumb Code     0  startup_stm32f407xx.o(.text)
    DCMI_IRQHandler                          0x080001bb   Thumb Code     0  startup_stm32f407xx.o(.text)
    DMA1_Stream0_IRQHandler                  0x080001bb   Thumb Code     0  startup_stm32f407xx.o(.text)
    DMA1_Stream1_IRQHandler                  0x080001bb   Thumb Code     0  startup_stm32f407xx.o(.text)
    DMA1_Stream2_IRQHandler                  0x080001bb   Thumb Code     0  startup_stm32f407xx.o(.text)
    DMA1_Stream3_IRQHandler                  0x080001bb   Thumb Code     0  startup_stm32f407xx.o(.text)
    DMA1_Stream4_IRQHandler                  0x080001bb   Thumb Code     0  startup_stm32f407xx.o(.text)
    DMA1_Stream5_IRQHandler                  0x080001bb   Thumb Code     0  startup_stm32f407xx.o(.text)
    DMA1_Stream6_IRQHandler                  0x080001bb   Thumb Code     0  startup_stm32f407xx.o(.text)
    DMA1_Stream7_IRQHandler                  0x080001bb   Thumb Code     0  startup_stm32f407xx.o(.text)
    DMA2_Stream0_IRQHandler                  0x080001bb   Thumb Code     0  startup_stm32f407xx.o(.text)
    DMA2_Stream1_IRQHandler                  0x080001bb   Thumb Code     0  startup_stm32f407xx.o(.text)
    DMA2_Stream2_IRQHandler                  0x080001bb   Thumb Code     0  startup_stm32f407xx.o(.text)
    DMA2_Stream3_IRQHandler                  0x080001bb   Thumb Code     0  startup_stm32f407xx.o(.text)
    DMA2_Stream4_IRQHandler                  0x080001bb   Thumb Code     0  startup_stm32f407xx.o(.text)
    DMA2_Stream5_IRQHandler                  0x080001bb   Thumb Code     0  startup_stm32f407xx.o(.text)
    DMA2_Stream6_IRQHandler                  0x080001bb   Thumb Code     0  startup_stm32f407xx.o(.text)
    DMA2_Stream7_IRQHandler                  0x080001bb   Thumb Code     0  startup_stm32f407xx.o(.text)
    ETH_IRQHandler                           0x080001bb   Thumb Code     0  startup_stm32f407xx.o(.text)
    ETH_WKUP_IRQHandler                      0x080001bb   Thumb Code     0  startup_stm32f407xx.o(.text)
    EXTI15_10_IRQHandler                     0x080001bb   Thumb Code     0  startup_stm32f407xx.o(.text)
    EXTI1_IRQHandler                         0x080001bb   Thumb Code     0  startup_stm32f407xx.o(.text)
    EXTI2_IRQHandler                         0x080001bb   Thumb Code     0  startup_stm32f407xx.o(.text)
    EXTI3_IRQHandler                         0x080001bb   Thumb Code     0  startup_stm32f407xx.o(.text)
    EXTI9_5_IRQHandler                       0x080001bb   Thumb Code     0  startup_stm32f407xx.o(.text)
    FLASH_IRQHandler                         0x080001bb   Thumb Code     0  startup_stm32f407xx.o(.text)
    FMC_IRQHandler                           0x080001bb   Thumb Code     0  startup_stm32f407xx.o(.text)
    FPU_IRQHandler                           0x080001bb   Thumb Code     0  startup_stm32f407xx.o(.text)
    HASH_RNG_IRQHandler                      0x080001bb   Thumb Code     0  startup_stm32f407xx.o(.text)
    I2C1_ER_IRQHandler                       0x080001bb   Thumb Code     0  startup_stm32f407xx.o(.text)
    I2C1_EV_IRQHandler                       0x080001bb   Thumb Code     0  startup_stm32f407xx.o(.text)
    I2C2_ER_IRQHandler                       0x080001bb   Thumb Code     0  startup_stm32f407xx.o(.text)
    I2C2_EV_IRQHandler                       0x080001bb   Thumb Code     0  startup_stm32f407xx.o(.text)
    I2C3_ER_IRQHandler                       0x080001bb   Thumb Code     0  startup_stm32f407xx.o(.text)
    I2C3_EV_IRQHandler                       0x080001bb   Thumb Code     0  startup_stm32f407xx.o(.text)
    OTG_FS_IRQHandler                        0x080001bb   Thumb Code     0  startup_stm32f407xx.o(.text)
    OTG_FS_WKUP_IRQHandler                   0x080001bb   Thumb Code     0  startup_stm32f407xx.o(.text)
    OTG_HS_EP1_IN_IRQHandler                 0x080001bb   Thumb Code     0  startup_stm32f407xx.o(.text)
    OTG_HS_EP1_OUT_IRQHandler                0x080001bb   Thumb Code     0  startup_stm32f407xx.o(.text)
    OTG_HS_IRQHandler                        0x080001bb   Thumb Code     0  startup_stm32f407xx.o(.text)
    OTG_HS_WKUP_IRQHandler                   0x080001bb   Thumb Code     0  startup_stm32f407xx.o(.text)
    PVD_IRQHandler                           0x080001bb   Thumb Code     0  startup_stm32f407xx.o(.text)
    RCC_IRQHandler                           0x080001bb   Thumb Code     0  startup_stm32f407xx.o(.text)
    RTC_Alarm_IRQHandler                     0x080001bb   Thumb Code     0  startup_stm32f407xx.o(.text)
    RTC_WKUP_IRQHandler                      0x080001bb   Thumb Code     0  startup_stm32f407xx.o(.text)
    SDIO_IRQHandler                          0x080001bb   Thumb Code     0  startup_stm32f407xx.o(.text)
    SPI1_IRQHandler                          0x080001bb   Thumb Code     0  startup_stm32f407xx.o(.text)
    SPI2_IRQHandler                          0x080001bb   Thumb Code     0  startup_stm32f407xx.o(.text)
    SPI3_IRQHandler                          0x080001bb   Thumb Code     0  startup_stm32f407xx.o(.text)
    TAMP_STAMP_IRQHandler                    0x080001bb   Thumb Code     0  startup_stm32f407xx.o(.text)
    TIM1_BRK_TIM9_IRQHandler                 0x080001bb   Thumb Code     0  startup_stm32f407xx.o(.text)
    TIM1_CC_IRQHandler                       0x080001bb   Thumb Code     0  startup_stm32f407xx.o(.text)
    TIM1_TRG_COM_TIM11_IRQHandler            0x080001bb   Thumb Code     0  startup_stm32f407xx.o(.text)
    TIM1_UP_TIM10_IRQHandler                 0x080001bb   Thumb Code     0  startup_stm32f407xx.o(.text)
    TIM2_IRQHandler                          0x080001bb   Thumb Code     0  startup_stm32f407xx.o(.text)
    TIM3_IRQHandler                          0x080001bb   Thumb Code     0  startup_stm32f407xx.o(.text)
    TIM4_IRQHandler                          0x080001bb   Thumb Code     0  startup_stm32f407xx.o(.text)
    TIM5_IRQHandler                          0x080001bb   Thumb Code     0  startup_stm32f407xx.o(.text)
    TIM6_DAC_IRQHandler                      0x080001bb   Thumb Code     0  startup_stm32f407xx.o(.text)
    TIM7_IRQHandler                          0x080001bb   Thumb Code     0  startup_stm32f407xx.o(.text)
    TIM8_BRK_TIM12_IRQHandler                0x080001bb   Thumb Code     0  startup_stm32f407xx.o(.text)
    TIM8_CC_IRQHandler                       0x080001bb   Thumb Code     0  startup_stm32f407xx.o(.text)
    TIM8_TRG_COM_TIM14_IRQHandler            0x080001bb   Thumb Code     0  startup_stm32f407xx.o(.text)
    TIM8_UP_TIM13_IRQHandler                 0x080001bb   Thumb Code     0  startup_stm32f407xx.o(.text)
    UART4_IRQHandler                         0x080001bb   Thumb Code     0  startup_stm32f407xx.o(.text)
    UART5_IRQHandler                         0x080001bb   Thumb Code     0  startup_stm32f407xx.o(.text)
    USART1_IRQHandler                        0x080001bb   Thumb Code     0  startup_stm32f407xx.o(.text)
    USART2_IRQHandler                        0x080001bb   Thumb Code     0  startup_stm32f407xx.o(.text)
    USART3_IRQHandler                        0x080001bb   Thumb Code     0  startup_stm32f407xx.o(.text)
    USART6_IRQHandler                        0x080001bb   Thumb Code     0  startup_stm32f407xx.o(.text)
    WWDG_IRQHandler                          0x080001bb   Thumb Code     0  startup_stm32f407xx.o(.text)
    __aeabi_uldivmod                         0x080001c5   Thumb Code    98  uldiv.o(.text)
    __aeabi_memset                           0x08000227   Thumb Code    14  memseta.o(.text)
    __aeabi_memset4                          0x08000227   Thumb Code     0  memseta.o(.text)
    __aeabi_memset8                          0x08000227   Thumb Code     0  memseta.o(.text)
    __aeabi_memclr                           0x08000235   Thumb Code     4  memseta.o(.text)
    __aeabi_memclr4                          0x08000235   Thumb Code     0  memseta.o(.text)
    __aeabi_memclr8                          0x08000235   Thumb Code     0  memseta.o(.text)
    _memset$wrapper                          0x08000239   Thumb Code    18  memseta.o(.text)
    strcmp                                   0x0800024b   Thumb Code    28  strcmp.o(.text)
    __aeabi_dadd                             0x08000267   Thumb Code   322  dadd.o(.text)
    __aeabi_dsub                             0x080003a9   Thumb Code     6  dadd.o(.text)
    __aeabi_drsub                            0x080003af   Thumb Code     6  dadd.o(.text)
    __aeabi_dmul                             0x080003b5   Thumb Code   228  dmul.o(.text)
    __aeabi_ui2d                             0x08000499   Thumb Code    26  dfltui.o(.text)
    __aeabi_d2uiz                            0x080004b3   Thumb Code    50  dfixui.o(.text)
    __aeabi_f2d                              0x080004e5   Thumb Code    38  f2d.o(.text)
    __aeabi_cdcmpeq                          0x0800050d   Thumb Code     0  cdcmple.o(.text)
    __aeabi_cdcmple                          0x0800050d   Thumb Code    48  cdcmple.o(.text)
    __aeabi_cdrcmple                         0x0800053d   Thumb Code    48  cdrcmple.o(.text)
    __aeabi_llsl                             0x0800056d   Thumb Code    30  llshl.o(.text)
    _ll_shift_l                              0x0800056d   Thumb Code     0  llshl.o(.text)
    __aeabi_llsr                             0x0800058b   Thumb Code    32  llushr.o(.text)
    _ll_ushift_r                             0x0800058b   Thumb Code     0  llushr.o(.text)
    __aeabi_lasr                             0x080005ab   Thumb Code    36  llsshr.o(.text)
    _ll_sshift_r                             0x080005ab   Thumb Code     0  llsshr.o(.text)
    __I$use$fp                               0x080005cf   Thumb Code     0  iusefp.o(.text)
    _double_round                            0x080005cf   Thumb Code    30  depilogue.o(.text)
    _double_epilogue                         0x080005ed   Thumb Code   156  depilogue.o(.text)
    _dsqrt                                   0x08000689   Thumb Code   162  dsqrt.o(.text)
    __scatterload                            0x0800072d   Thumb Code    28  init.o(.text)
    __scatterload_rt2                        0x0800072d   Thumb Code     0  init.o(.text)
    AT24CXX_Init                             0x08000751   Thumb Code     4  24cxx.o(i.AT24CXX_Init)
    AT24CXX_ReadLenByte                      0x08000755   Thumb Code    42  24cxx.o(i.AT24CXX_ReadLenByte)
    AT24CXX_ReadOneByte                      0x0800077f   Thumb Code    66  24cxx.o(i.AT24CXX_ReadOneByte)
    AT24CXX_WriteLenByte                     0x080007c1   Thumb Code    42  24cxx.o(i.AT24CXX_WriteLenByte)
    AT24CXX_WriteOneByte                     0x080007eb   Thumb Code    62  24cxx.o(i.AT24CXX_WriteOneByte)
    BusFault_Handler                         0x0800082b   Thumb Code     2  stm32f4xx_it.o(i.BusFault_Handler)
    CT_IIC_Ack                               0x0800082d   Thumb Code    64  ctiic.o(i.CT_IIC_Ack)
    CT_IIC_Init                              0x08000879   Thumb Code    86  ctiic.o(i.CT_IIC_Init)
    CT_IIC_NAck                              0x080008e5   Thumb Code    64  ctiic.o(i.CT_IIC_NAck)
    CT_IIC_Read_Byte                         0x08000931   Thumb Code   102  ctiic.o(i.CT_IIC_Read_Byte)
    CT_IIC_Send_Byte                         0x080009a5   Thumb Code    90  ctiic.o(i.CT_IIC_Send_Byte)
    CT_IIC_Start                             0x08000a0d   Thumb Code    62  ctiic.o(i.CT_IIC_Start)
    CT_IIC_Stop                              0x08000a59   Thumb Code    56  ctiic.o(i.CT_IIC_Stop)
    CT_IIC_Wait_Ack                          0x08000a9d   Thumb Code    70  ctiic.o(i.CT_IIC_Wait_Ack)
    DebugMon_Handler                         0x08000af1   Thumb Code     2  stm32f4xx_it.o(i.DebugMon_Handler)
    EXTI0_IRQHandler                         0x08000af3   Thumb Code     6  stm32f4xx_it.o(i.EXTI0_IRQHandler)
    EXTI4_IRQHandler                         0x08000af9   Thumb Code     6  stm32f4xx_it.o(i.EXTI4_IRQHandler)
    Error_Handler                            0x08000b01   Thumb Code     6  main.o(i.Error_Handler)
    FSMC_NORSRAM_Extended_Timing_Init        0x08000b11   Thumb Code    72  stm32f4xx_ll_fsmc.o(i.FSMC_NORSRAM_Extended_Timing_Init)
    FSMC_NORSRAM_Init                        0x08000b5d   Thumb Code    88  stm32f4xx_ll_fsmc.o(i.FSMC_NORSRAM_Init)
    FSMC_NORSRAM_Timing_Init                 0x08000bb9   Thumb Code    70  stm32f4xx_ll_fsmc.o(i.FSMC_NORSRAM_Timing_Init)
    FT5206_Init                              0x08000c01   Thumb Code   204  ft5206.o(i.FT5206_Init)
    FT5206_RD_Reg                            0x08000ce9   Thumb Code    86  ft5206.o(i.FT5206_RD_Reg)
    FT5206_Scan                              0x08000d41   Thumb Code   308  ft5206.o(i.FT5206_Scan)
    FT5206_WR_Reg                            0x08000e81   Thumb Code    72  ft5206.o(i.FT5206_WR_Reg)
    GT9147_Init                              0x08000ec9   Thumb Code   242  gt9147.o(i.GT9147_Init)
    GT9147_RD_Reg                            0x08000ff5   Thumb Code    96  gt9147.o(i.GT9147_RD_Reg)
    GT9147_Scan                              0x08001055   Thumb Code   348  gt9147.o(i.GT9147_Scan)
    GT9147_Send_Cfg                          0x080011c1   Thumb Code    74  gt9147.o(i.GT9147_Send_Cfg)
    GT9147_WR_Reg                            0x08001211   Thumb Code    82  gt9147.o(i.GT9147_WR_Reg)
    HAL_GPIO_EXTI_Callback                   0x0800130d   Thumb Code    26  callback.o(i.HAL_GPIO_EXTI_Callback)
    HAL_GPIO_EXTI_IRQHandler                 0x08001365   Thumb Code    18  stm32f4xx_hal_gpio.o(i.HAL_GPIO_EXTI_IRQHandler)
    HAL_GPIO_Init                            0x0800137d   Thumb Code   538  stm32f4xx_hal_gpio.o(i.HAL_GPIO_Init)
    HAL_GPIO_WritePin                        0x080015ad   Thumb Code    14  stm32f4xx_hal_gpio.o(i.HAL_GPIO_WritePin)
    HAL_GetTick                              0x080015bd   Thumb Code     6  stm32f4xx_hal.o(i.HAL_GetTick)
    HAL_I2C_Init                             0x080015c9   Thumb Code   410  stm32f4xx_hal_i2c.o(i.HAL_I2C_Init)
    HAL_I2C_MspInit                          0x08001775   Thumb Code    94  i2c.o(i.HAL_I2C_MspInit)
    HAL_IncTick                              0x080017e1   Thumb Code    12  stm32f4xx_hal.o(i.HAL_IncTick)
    HAL_Init                                 0x080017f1   Thumb Code    48  stm32f4xx_hal.o(i.HAL_Init)
    HAL_InitTick                             0x08001825   Thumb Code    58  stm32f4xx_hal.o(i.HAL_InitTick)
    HAL_MspInit                              0x08001869   Thumb Code    48  stm32f4xx_hal_msp.o(i.HAL_MspInit)
    HAL_NVIC_EnableIRQ                       0x0800189d   Thumb Code    28  stm32f4xx_hal_cortex.o(i.HAL_NVIC_EnableIRQ)
    HAL_NVIC_SetPriority                     0x080018b9   Thumb Code    98  stm32f4xx_hal_cortex.o(i.HAL_NVIC_SetPriority)
    HAL_NVIC_SetPriorityGrouping             0x08001921   Thumb Code    30  stm32f4xx_hal_cortex.o(i.HAL_NVIC_SetPriorityGrouping)
    HAL_RCC_ClockConfig                      0x08001945   Thumb Code   354  stm32f4xx_hal_rcc.o(i.HAL_RCC_ClockConfig)
    HAL_RCC_GetHCLKFreq                      0x08001ac1   Thumb Code     6  stm32f4xx_hal_rcc.o(i.HAL_RCC_GetHCLKFreq)
    HAL_RCC_GetPCLK1Freq                     0x08001acd   Thumb Code    22  stm32f4xx_hal_rcc.o(i.HAL_RCC_GetPCLK1Freq)
    HAL_RCC_GetPCLK2Freq                     0x08001aed   Thumb Code    22  stm32f4xx_hal_rcc.o(i.HAL_RCC_GetPCLK2Freq)
    HAL_RCC_GetSysClockFreq                  0x08001b0d   Thumb Code    94  stm32f4xx_hal_rcc.o(i.HAL_RCC_GetSysClockFreq)
    HAL_RCC_OscConfig                        0x08001b7d   Thumb Code  1154  stm32f4xx_hal_rcc.o(i.HAL_RCC_OscConfig)
    HAL_SRAM_Init                            0x08001fff   Thumb Code    88  stm32f4xx_hal_sram.o(i.HAL_SRAM_Init)
    HAL_SRAM_MspInit                         0x08002057   Thumb Code     4  fsmc.o(i.HAL_SRAM_MspInit)
    HAL_SYSTICK_CLKSourceConfig              0x0800205b   Thumb Code    28  stm32f4xx_hal_cortex.o(i.HAL_SYSTICK_CLKSourceConfig)
    HAL_SYSTICK_Config                       0x08002079   Thumb Code    36  stm32f4xx_hal_cortex.o(i.HAL_SYSTICK_Config)
    HAL_UART_Init                            0x080020a1   Thumb Code   100  stm32f4xx_hal_uart.o(i.HAL_UART_Init)
    HAL_UART_MspInit                         0x08002105   Thumb Code    94  usart.o(i.HAL_UART_MspInit)
    HAL_UART_Transmit                        0x08002171   Thumb Code   202  stm32f4xx_hal_uart.o(i.HAL_UART_Transmit)
    HardFault_Handler                        0x0800223b   Thumb Code     2  stm32f4xx_it.o(i.HardFault_Handler)
    IIC_Ack                                  0x0800223d   Thumb Code    56  myiic.o(i.IIC_Ack)
    IIC_Init                                 0x0800227d   Thumb Code    60  myiic.o(i.IIC_Init)
    IIC_NAck                                 0x080022c5   Thumb Code    56  myiic.o(i.IIC_NAck)
    IIC_Read_Byte                            0x08002305   Thumb Code    96  myiic.o(i.IIC_Read_Byte)
    IIC_Send_Byte                            0x0800236d   Thumb Code    86  myiic.o(i.IIC_Send_Byte)
    IIC_Start                                0x080023cd   Thumb Code    56  myiic.o(i.IIC_Start)
    IIC_Stop                                 0x0800240d   Thumb Code    58  myiic.o(i.IIC_Stop)
    IIC_Wait_Ack                             0x08002451   Thumb Code    74  myiic.o(i.IIC_Wait_Ack)
    LCD_Clear                                0x080024d5   Thumb Code    48  lcd.o(i.LCD_Clear)
    LCD_Display_Dir                          0x08002509   Thumb Code   212  lcd.o(i.LCD_Display_Dir)
    LCD_DrawLine                             0x080025e1   Thumb Code   154  lcd.o(i.LCD_DrawLine)
    LCD_DrawPoint                            0x0800267d   Thumb Code    24  lcd.o(i.LCD_DrawPoint)
    LCD_Draw_Circle                          0x08002699   Thumb Code   176  lcd.o(i.LCD_Draw_Circle)
    LCD_Fast_DrawPoint                       0x08002749   Thumb Code   220  lcd.o(i.LCD_Fast_DrawPoint)
    LCD_Init                                 0x08002829   Thumb Code  9112  lcd.o(i.LCD_Init)
    LCD_Pow                                  0x08004bc5   Thumb Code    16  lcd.o(i.LCD_Pow)
    LCD_RD_DATA                              0x08004bd5   Thumb Code    20  lcd.o(i.LCD_RD_DATA)
    LCD_SSD_BackLightSet                     0x08004be9   Thumb Code    72  lcd.o(i.LCD_SSD_BackLightSet)
    LCD_Scan_Dir                             0x08004c39   Thumb Code   434  lcd.o(i.LCD_Scan_Dir)
    LCD_SetCursor                            0x08004df1   Thumb Code   254  lcd.o(i.LCD_SetCursor)
    LCD_ShowChar                             0x08004ef5   Thumb Code   204  lcd.o(i.LCD_ShowChar)
    LCD_ShowNum                              0x08004fd9   Thumb Code   118  lcd.o(i.LCD_ShowNum)
    LCD_ShowString                           0x0800504f   Thumb Code    84  lcd.o(i.LCD_ShowString)
    LCD_WR_DATA                              0x080050a3   Thumb Code    24  lcd.o(i.LCD_WR_DATA)
    LCD_WR_REG                               0x080050bb   Thumb Code    24  lcd.o(i.LCD_WR_REG)
    LCD_WriteRAM_Prepare                     0x080050d5   Thumb Code    14  lcd.o(i.LCD_WriteRAM_Prepare)
    LCD_WriteReg                             0x080050e9   Thumb Code    12  lcd.o(i.LCD_WriteReg)
    MX_FSMC_Init                             0x080050f5   Thumb Code   128  fsmc.o(i.MX_FSMC_Init)
    MX_GPIO_Init                             0x0800517d   Thumb Code   334  gpio.o(i.MX_GPIO_Init)
    MX_I2C1_Init                             0x080052e9   Thumb Code    50  i2c.o(i.MX_I2C1_Init)
    MX_USART1_UART_Init                      0x08005329   Thumb Code    48  usart.o(i.MX_USART1_UART_Init)
    MemManage_Handler                        0x08005361   Thumb Code     2  stm32f4xx_it.o(i.MemManage_Handler)
    NMI_Handler                              0x08005363   Thumb Code     2  stm32f4xx_it.o(i.NMI_Handler)
    OTT2001A_Init                            0x08005365   Thumb Code   152  ott2001a.o(i.OTT2001A_Init)
    OTT2001A_RD_Reg                          0x08005419   Thumb Code    96  ott2001a.o(i.OTT2001A_RD_Reg)
    OTT2001A_Scan                            0x08005479   Thumb Code   350  ott2001a.o(i.OTT2001A_Scan)
    OTT2001A_SensorControl                   0x080055fd   Thumb Code    30  ott2001a.o(i.OTT2001A_SensorControl)
    OTT2001A_WR_Reg                          0x0800561b   Thumb Code    82  ott2001a.o(i.OTT2001A_WR_Reg)
    PendSV_Handler                           0x0800566d   Thumb Code     2  stm32f4xx_it.o(i.PendSV_Handler)
    SVC_Handler                              0x08005693   Thumb Code     2  stm32f4xx_it.o(i.SVC_Handler)
    SysTick_Handler                          0x08005695   Thumb Code     4  stm32f4xx_it.o(i.SysTick_Handler)
    SystemClock_Config                       0x08005699   Thumb Code   142  main.o(i.SystemClock_Config)
    SystemInit                               0x08005735   Thumb Code    12  system_stm32f4xx.o(i.SystemInit)
    TP_Adj_Info_Show                         0x08005745   Thumb Code   326  touch.o(i.TP_Adj_Info_Show)
    TP_Adjust                                0x080058bd   Thumb Code  1426  touch.o(i.TP_Adjust)
    TP_Drow_Touch_Point                      0x08005e81   Thumb Code   106  touch.o(i.TP_Drow_Touch_Point)
    TP_Get_Adjdata                           0x08005ef1   Thumb Code   130  touch.o(i.TP_Get_Adjdata)
    TP_Init                                  0x08005f7d   Thumb Code   256  touch.o(i.TP_Init)
    TP_Read_AD                               0x080060a1   Thumb Code   126  touch.o(i.TP_Read_AD)
    TP_Read_XOY                              0x0800612d   Thumb Code   100  touch.o(i.TP_Read_XOY)
    TP_Read_XY                               0x08006191   Thumb Code    34  touch.o(i.TP_Read_XY)
    TP_Read_XY2                              0x080061b9   Thumb Code   122  touch.o(i.TP_Read_XY2)
    TP_Save_Adjdata                          0x08006235   Thumb Code   110  touch.o(i.TP_Save_Adjdata)
    TP_Scan                                  0x080062ad   Thumb Code   182  touch.o(i.TP_Scan)
    TP_Write_Byte                            0x0800636d   Thumb Code    64  touch.o(i.TP_Write_Byte)
    UsageFault_Handler                       0x08006529   Thumb Code     2  stm32f4xx_it.o(i.UsageFault_Handler)
    __0printf$5                              0x0800652d   Thumb Code    22  printf5.o(i.__0printf$5)
    __1printf$5                              0x0800652d   Thumb Code     0  printf5.o(i.__0printf$5)
    __2printf                                0x0800652d   Thumb Code     0  printf5.o(i.__0printf$5)
    __hardfp_sqrt                            0x0800654d   Thumb Code   122  sqrt.o(i.__hardfp_sqrt)
    __scatterload_copy                       0x080065c7   Thumb Code    14  handlers.o(i.__scatterload_copy)
    __scatterload_null                       0x080065d5   Thumb Code     2  handlers.o(i.__scatterload_null)
    __scatterload_zeroinit                   0x080065d7   Thumb Code    14  handlers.o(i.__scatterload_zeroinit)
    __set_errno                              0x080065e5   Thumb Code     6  errno.o(i.__set_errno)
    delay_init                               0x080068b1   Thumb Code    16  delay.o(i.delay_init)
    delay_ms                                 0x080068c5   Thumb Code    26  delay.o(i.delay_ms)
    delay_us                                 0x080068e1   Thumb Code    48  delay.o(i.delay_us)
    fputc                                    0x08006915   Thumb Code    18  public.o(i.fputc)
    main                                     0x0800692d   Thumb Code    38  main.o(i.main)
    asc2_1206                                0x0800695c   Data        1140  lcd.o(.constdata)
    asc2_1608                                0x08006dd0   Data        1520  lcd.o(.constdata)
    asc2_2412                                0x080073c0   Data        3420  lcd.o(.constdata)
    asc2_3216                                0x0800811c   Data       12160  lcd.o(.constdata)
    FT5206_TPX_TBL                           0x0800b09c   Data          10  ft5206.o(.constdata)
    GT9147_CFG_TBL                           0x0800b0a6   Data         184  gt9147.o(.constdata)
    GT9147_TPX_TBL                           0x0800b15e   Data          10  gt9147.o(.constdata)
    OTT_TPX_TBL                              0x0800b168   Data          10  ott2001a.o(.constdata)
    TP_REMIND_MSG_TBL                        0x0800b174   Data           4  touch.o(.constdata)
    AHBPrescTable                            0x0800b178   Data          16  system_stm32f4xx.o(.constdata)
    APBPrescTable                            0x0800b188   Data           8  system_stm32f4xx.o(.constdata)
    Region$$Table$$Base                      0x0800b20c   Number         0  anon$$obj.o(Region$$Table)
    Region$$Table$$Limit                     0x0800b22c   Number         0  anon$$obj.o(Region$$Table)
    MyInit                                   0x20000008   Data           4  myinit.o(.data)
    System                                   0x2000000c   Data          12  system.o(.data)
    KEY1                                     0x20000018   Data           8  key.o(.data)
    KEY2                                     0x20000020   Data           8  key.o(.data)
    POINT_COLOR                              0x20000028   Data           4  lcd.o(.data)
    BACK_COLOR                               0x2000002c   Data           4  lcd.o(.data)
    CMD_RDX                                  0x20000034   Data           1  touch.o(.data)
    CMD_RDY                                  0x20000035   Data           1  touch.o(.data)
    tp_dev                                   0x20000038   Data          52  touch.o(.data)
    uwTickFreq                               0x20000070   Data           1  stm32f4xx_hal.o(.data)
    uwTickPrio                               0x20000074   Data           4  stm32f4xx_hal.o(.data)
    uwTick                                   0x20000078   Data           4  stm32f4xx_hal.o(.data)
    SystemCoreClock                          0x2000007c   Data           4  system_stm32f4xx.o(.data)
    __stdout                                 0x20000080   Data           4  stdout.o(.data)
    hsram1                                   0x20000088   Data          80  fsmc.o(.bss)
    hi2c1                                    0x200000d8   Data          84  i2c.o(.bss)
    huart1                                   0x2000012c   Data          68  usart.o(.bss)
    TFTSRAM_Handler                          0x20000170   Data          80  lcd.o(.bss)
    lcddev                                   0x200001c0   Data          14  lcd.o(.bss)
    __initial_sp                             0x200005d0   Data           0  startup_stm32f407xx.o(STACK)



==============================================================================

Memory Map of the image

  Image Entry point : 0x08000189

  Load Region LR_IROM1 (Base: 0x08000000, Size: 0x0000b2b4, Max: 0x00100000, ABSOLUTE)

    Execution Region ER_IROM1 (Exec base: 0x08000000, Load base: 0x08000000, Size: 0x0000b22c, Max: 0x00100000, ABSOLUTE)

    Exec Addr    Load Addr    Size         Type   Attr      Idx    E Section Name        Object

    0x08000000   0x08000000   0x00000188   Data   RO            3    RESET               startup_stm32f407xx.o
    0x08000188   0x08000188   0x00000000   Code   RO         3831  * .ARM.Collect$$$$00000000  mc_w.l(entry.o)
    0x08000188   0x08000188   0x00000004   Code   RO         4115    .ARM.Collect$$$$00000001  mc_w.l(entry2.o)
    0x0800018c   0x0800018c   0x00000004   Code   RO         4118    .ARM.Collect$$$$00000004  mc_w.l(entry5.o)
    0x08000190   0x08000190   0x00000000   Code   RO         4120    .ARM.Collect$$$$00000008  mc_w.l(entry7b.o)
    0x08000190   0x08000190   0x00000000   Code   RO         4122    .ARM.Collect$$$$0000000A  mc_w.l(entry8b.o)
    0x08000190   0x08000190   0x00000008   Code   RO         4123    .ARM.Collect$$$$0000000B  mc_w.l(entry9a.o)
    0x08000198   0x08000198   0x00000004   Code   RO         4130    .ARM.Collect$$$$0000000E  mc_w.l(entry12b.o)
    0x0800019c   0x0800019c   0x00000000   Code   RO         4125    .ARM.Collect$$$$0000000F  mc_w.l(entry10a.o)
    0x0800019c   0x0800019c   0x00000000   Code   RO         4127    .ARM.Collect$$$$00000011  mc_w.l(entry11a.o)
    0x0800019c   0x0800019c   0x00000004   Code   RO         4116    .ARM.Collect$$$$00002712  mc_w.l(entry2.o)
    0x080001a0   0x080001a0   0x00000024   Code   RO            4    .text               startup_stm32f407xx.o
    0x080001c4   0x080001c4   0x00000062   Code   RO         3834    .text               mc_w.l(uldiv.o)
    0x08000226   0x08000226   0x00000024   Code   RO         3836    .text               mc_w.l(memseta.o)
    0x0800024a   0x0800024a   0x0000001c   Code   RO         3838    .text               mc_w.l(strcmp.o)
    0x08000266   0x08000266   0x0000014e   Code   RO         4101    .text               mf_w.l(dadd.o)
    0x080003b4   0x080003b4   0x000000e4   Code   RO         4103    .text               mf_w.l(dmul.o)
    0x08000498   0x08000498   0x0000001a   Code   RO         4105    .text               mf_w.l(dfltui.o)
    0x080004b2   0x080004b2   0x00000032   Code   RO         4107    .text               mf_w.l(dfixui.o)
    0x080004e4   0x080004e4   0x00000026   Code   RO         4109    .text               mf_w.l(f2d.o)
    0x0800050a   0x0800050a   0x00000002   PAD
    0x0800050c   0x0800050c   0x00000030   Code   RO         4111    .text               mf_w.l(cdcmple.o)
    0x0800053c   0x0800053c   0x00000030   Code   RO         4113    .text               mf_w.l(cdrcmple.o)
    0x0800056c   0x0800056c   0x0000001e   Code   RO         4134    .text               mc_w.l(llshl.o)
    0x0800058a   0x0800058a   0x00000020   Code   RO         4136    .text               mc_w.l(llushr.o)
    0x080005aa   0x080005aa   0x00000024   Code   RO         4138    .text               mc_w.l(llsshr.o)
    0x080005ce   0x080005ce   0x00000000   Code   RO         4147    .text               mc_w.l(iusefp.o)
    0x080005ce   0x080005ce   0x000000ba   Code   RO         4148    .text               mf_w.l(depilogue.o)
    0x08000688   0x08000688   0x000000a2   Code   RO         4152    .text               mf_w.l(dsqrt.o)
    0x0800072a   0x0800072a   0x00000002   PAD
    0x0800072c   0x0800072c   0x00000024   Code   RO         4156    .text               mc_w.l(init.o)
    0x08000750   0x08000750   0x00000004   Code   RO         1063    i.AT24CXX_Init      24cxx.o
    0x08000754   0x08000754   0x0000002a   Code   RO         1065    i.AT24CXX_ReadLenByte  24cxx.o
    0x0800077e   0x0800077e   0x00000042   Code   RO         1066    i.AT24CXX_ReadOneByte  24cxx.o
    0x080007c0   0x080007c0   0x0000002a   Code   RO         1068    i.AT24CXX_WriteLenByte  24cxx.o
    0x080007ea   0x080007ea   0x0000003e   Code   RO         1069    i.AT24CXX_WriteOneByte  24cxx.o
    0x08000828   0x08000828   0x00000002   Code   RO          598    i.Assert_Failed     system.o
    0x0800082a   0x0800082a   0x00000002   Code   RO          388    i.BusFault_Handler  stm32f4xx_it.o
    0x0800082c   0x0800082c   0x0000004c   Code   RO          988    i.CT_IIC_Ack        ctiic.o
    0x08000878   0x08000878   0x0000006c   Code   RO          989    i.CT_IIC_Init       ctiic.o
    0x080008e4   0x080008e4   0x0000004c   Code   RO          990    i.CT_IIC_NAck       ctiic.o
    0x08000930   0x08000930   0x00000074   Code   RO          991    i.CT_IIC_Read_Byte  ctiic.o
    0x080009a4   0x080009a4   0x00000068   Code   RO          992    i.CT_IIC_Send_Byte  ctiic.o
    0x08000a0c   0x08000a0c   0x0000004c   Code   RO          993    i.CT_IIC_Start      ctiic.o
    0x08000a58   0x08000a58   0x00000044   Code   RO          994    i.CT_IIC_Stop       ctiic.o
    0x08000a9c   0x08000a9c   0x00000054   Code   RO          995    i.CT_IIC_Wait_Ack   ctiic.o
    0x08000af0   0x08000af0   0x00000002   Code   RO          389    i.DebugMon_Handler  stm32f4xx_it.o
    0x08000af2   0x08000af2   0x00000006   Code   RO          390    i.EXTI0_IRQHandler  stm32f4xx_it.o
    0x08000af8   0x08000af8   0x00000006   Code   RO          391    i.EXTI4_IRQHandler  stm32f4xx_it.o
    0x08000afe   0x08000afe   0x00000002   PAD
    0x08000b00   0x08000b00   0x0000000c   Code   RO           13    i.Error_Handler     main.o
    0x08000b0c   0x08000b0c   0x00000002   Code   RO          599    i.Error_Handler     system.o
    0x08000b0e   0x08000b0e   0x00000002   PAD
    0x08000b10   0x08000b10   0x0000004c   Code   RO         1481    i.FSMC_NORSRAM_Extended_Timing_Init  stm32f4xx_ll_fsmc.o
    0x08000b5c   0x08000b5c   0x0000005c   Code   RO         1482    i.FSMC_NORSRAM_Init  stm32f4xx_ll_fsmc.o
    0x08000bb8   0x08000bb8   0x00000046   Code   RO         1483    i.FSMC_NORSRAM_Timing_Init  stm32f4xx_ll_fsmc.o
    0x08000bfe   0x08000bfe   0x00000002   PAD
    0x08000c00   0x08000c00   0x000000e8   Code   RO         1131    i.FT5206_Init       ft5206.o
    0x08000ce8   0x08000ce8   0x00000056   Code   RO         1132    i.FT5206_RD_Reg     ft5206.o
    0x08000d3e   0x08000d3e   0x00000002   PAD
    0x08000d40   0x08000d40   0x00000140   Code   RO         1133    i.FT5206_Scan       ft5206.o
    0x08000e80   0x08000e80   0x00000048   Code   RO         1134    i.FT5206_WR_Reg     ft5206.o
    0x08000ec8   0x08000ec8   0x0000012c   Code   RO         1180    i.GT9147_Init       gt9147.o
    0x08000ff4   0x08000ff4   0x00000060   Code   RO         1181    i.GT9147_RD_Reg     gt9147.o
    0x08001054   0x08001054   0x0000016c   Code   RO         1182    i.GT9147_Scan       gt9147.o
    0x080011c0   0x080011c0   0x00000050   Code   RO         1183    i.GT9147_Send_Cfg   gt9147.o
    0x08001210   0x08001210   0x00000052   Code   RO         1184    i.GT9147_WR_Reg     gt9147.o
    0x08001262   0x08001262   0x00000002   PAD
    0x08001264   0x08001264   0x000000a8   Code   RO          256    i.HAL_FSMC_MspInit  fsmc.o
    0x0800130c   0x0800130c   0x00000058   Code   RO          499    i.HAL_GPIO_EXTI_Callback  callback.o
    0x08001364   0x08001364   0x00000018   Code   RO         1998    i.HAL_GPIO_EXTI_IRQHandler  stm32f4xx_hal_gpio.o
    0x0800137c   0x0800137c   0x00000230   Code   RO         1999    i.HAL_GPIO_Init     stm32f4xx_hal_gpio.o
    0x080015ac   0x080015ac   0x0000000e   Code   RO         2003    i.HAL_GPIO_WritePin  stm32f4xx_hal_gpio.o
    0x080015ba   0x080015ba   0x00000002   PAD
    0x080015bc   0x080015bc   0x0000000c   Code   RO         2526    i.HAL_GetTick       stm32f4xx_hal.o
    0x080015c8   0x080015c8   0x000001ac   Code   RO         2902    i.HAL_I2C_Init      stm32f4xx_hal_i2c.o
    0x08001774   0x08001774   0x0000006c   Code   RO          305    i.HAL_I2C_MspInit   i2c.o
    0x080017e0   0x080017e0   0x00000010   Code   RO         2532    i.HAL_IncTick       stm32f4xx_hal.o
    0x080017f0   0x080017f0   0x00000034   Code   RO         2533    i.HAL_Init          stm32f4xx_hal.o
    0x08001824   0x08001824   0x00000044   Code   RO         2534    i.HAL_InitTick      stm32f4xx_hal.o
    0x08001868   0x08001868   0x00000034   Code   RO          475    i.HAL_MspInit       stm32f4xx_hal_msp.o
    0x0800189c   0x0800189c   0x0000001c   Code   RO         2388    i.HAL_NVIC_EnableIRQ  stm32f4xx_hal_cortex.o
    0x080018b8   0x080018b8   0x00000068   Code   RO         2394    i.HAL_NVIC_SetPriority  stm32f4xx_hal_cortex.o
    0x08001920   0x08001920   0x00000024   Code   RO         2395    i.HAL_NVIC_SetPriorityGrouping  stm32f4xx_hal_cortex.o
    0x08001944   0x08001944   0x0000017c   Code   RO         1600    i.HAL_RCC_ClockConfig  stm32f4xx_hal_rcc.o
    0x08001ac0   0x08001ac0   0x0000000c   Code   RO         1605    i.HAL_RCC_GetHCLKFreq  stm32f4xx_hal_rcc.o
    0x08001acc   0x08001acc   0x00000020   Code   RO         1607    i.HAL_RCC_GetPCLK1Freq  stm32f4xx_hal_rcc.o
    0x08001aec   0x08001aec   0x00000020   Code   RO         1608    i.HAL_RCC_GetPCLK2Freq  stm32f4xx_hal_rcc.o
    0x08001b0c   0x08001b0c   0x00000070   Code   RO         1609    i.HAL_RCC_GetSysClockFreq  stm32f4xx_hal_rcc.o
    0x08001b7c   0x08001b7c   0x00000482   Code   RO         1612    i.HAL_RCC_OscConfig  stm32f4xx_hal_rcc.o
    0x08001ffe   0x08001ffe   0x00000058   Code   RO         2775    i.HAL_SRAM_Init     stm32f4xx_hal_sram.o
    0x08002056   0x08002056   0x00000004   Code   RO          258    i.HAL_SRAM_MspInit  fsmc.o
    0x0800205a   0x0800205a   0x0000001c   Code   RO         2397    i.HAL_SYSTICK_CLKSourceConfig  stm32f4xx_hal_cortex.o
    0x08002076   0x08002076   0x00000002   PAD
    0x08002078   0x08002078   0x00000028   Code   RO         2399    i.HAL_SYSTICK_Config  stm32f4xx_hal_cortex.o
    0x080020a0   0x080020a0   0x00000064   Code   RO         3446    i.HAL_UART_Init     stm32f4xx_hal_uart.o
    0x08002104   0x08002104   0x0000006c   Code   RO          347    i.HAL_UART_MspInit  usart.o
    0x08002170   0x08002170   0x000000ca   Code   RO         3454    i.HAL_UART_Transmit  stm32f4xx_hal_uart.o
    0x0800223a   0x0800223a   0x00000002   Code   RO          392    i.HardFault_Handler  stm32f4xx_it.o
    0x0800223c   0x0800223c   0x00000040   Code   RO          918    i.IIC_Ack           myiic.o
    0x0800227c   0x0800227c   0x00000048   Code   RO          919    i.IIC_Init          myiic.o
    0x080022c4   0x080022c4   0x00000040   Code   RO          920    i.IIC_NAck          myiic.o
    0x08002304   0x08002304   0x00000068   Code   RO          921    i.IIC_Read_Byte     myiic.o
    0x0800236c   0x0800236c   0x00000060   Code   RO          922    i.IIC_Send_Byte     myiic.o
    0x080023cc   0x080023cc   0x00000040   Code   RO          923    i.IIC_Start         myiic.o
    0x0800240c   0x0800240c   0x00000044   Code   RO          924    i.IIC_Stop          myiic.o
    0x08002450   0x08002450   0x00000054   Code   RO          925    i.IIC_Wait_Ack      myiic.o
    0x080024a4   0x080024a4   0x00000018   Code   RO          637    i.KEY1_Detect       key.o
    0x080024bc   0x080024bc   0x00000018   Code   RO          638    i.KEY2_Detect       key.o
    0x080024d4   0x080024d4   0x00000034   Code   RO          711    i.LCD_Clear         lcd.o
    0x08002508   0x08002508   0x000000d8   Code   RO          715    i.LCD_Display_Dir   lcd.o
    0x080025e0   0x080025e0   0x0000009a   Code   RO          716    i.LCD_DrawLine      lcd.o
    0x0800267a   0x0800267a   0x00000002   PAD
    0x0800267c   0x0800267c   0x0000001c   Code   RO          717    i.LCD_DrawPoint     lcd.o
    0x08002698   0x08002698   0x000000b0   Code   RO          719    i.LCD_Draw_Circle   lcd.o
    0x08002748   0x08002748   0x000000e0   Code   RO          720    i.LCD_Fast_DrawPoint  lcd.o
    0x08002828   0x08002828   0x0000239c   Code   RO          722    i.LCD_Init          lcd.o
    0x08004bc4   0x08004bc4   0x00000010   Code   RO          723    i.LCD_Pow           lcd.o
    0x08004bd4   0x08004bd4   0x00000014   Code   RO          724    i.LCD_RD_DATA       lcd.o
    0x08004be8   0x08004be8   0x00000050   Code   RO          727    i.LCD_SSD_BackLightSet  lcd.o
    0x08004c38   0x08004c38   0x000001b8   Code   RO          728    i.LCD_Scan_Dir      lcd.o
    0x08004df0   0x08004df0   0x00000104   Code   RO          729    i.LCD_SetCursor     lcd.o
    0x08004ef4   0x08004ef4   0x000000e4   Code   RO          731    i.LCD_ShowChar      lcd.o
    0x08004fd8   0x08004fd8   0x00000076   Code   RO          732    i.LCD_ShowNum       lcd.o
    0x0800504e   0x0800504e   0x00000054   Code   RO          733    i.LCD_ShowString    lcd.o
    0x080050a2   0x080050a2   0x00000018   Code   RO          735    i.LCD_WR_DATA       lcd.o
    0x080050ba   0x080050ba   0x00000018   Code   RO          736    i.LCD_WR_REG        lcd.o
    0x080050d2   0x080050d2   0x00000002   PAD
    0x080050d4   0x080050d4   0x00000014   Code   RO          738    i.LCD_WriteRAM_Prepare  lcd.o
    0x080050e8   0x080050e8   0x0000000c   Code   RO          739    i.LCD_WriteReg      lcd.o
    0x080050f4   0x080050f4   0x00000088   Code   RO          259    i.MX_FSMC_Init      fsmc.o
    0x0800517c   0x0800517c   0x0000016c   Code   RO          232    i.MX_GPIO_Init      gpio.o
    0x080052e8   0x080052e8   0x00000040   Code   RO          306    i.MX_I2C1_Init      i2c.o
    0x08005328   0x08005328   0x00000038   Code   RO          348    i.MX_USART1_UART_Init  usart.o
    0x08005360   0x08005360   0x00000002   Code   RO          393    i.MemManage_Handler  stm32f4xx_it.o
    0x08005362   0x08005362   0x00000002   Code   RO          394    i.NMI_Handler       stm32f4xx_it.o
    0x08005364   0x08005364   0x000000b4   Code   RO         1232    i.OTT2001A_Init     ott2001a.o
    0x08005418   0x08005418   0x00000060   Code   RO         1233    i.OTT2001A_RD_Reg   ott2001a.o
    0x08005478   0x08005478   0x00000184   Code   RO         1234    i.OTT2001A_Scan     ott2001a.o
    0x080055fc   0x080055fc   0x0000001e   Code   RO         1235    i.OTT2001A_SensorControl  ott2001a.o
    0x0800561a   0x0800561a   0x00000052   Code   RO         1236    i.OTT2001A_WR_Reg   ott2001a.o
    0x0800566c   0x0800566c   0x00000002   Code   RO          395    i.PendSV_Handler    stm32f4xx_it.o
    0x0800566e   0x0800566e   0x00000002   PAD
    0x08005670   0x08005670   0x00000020   Code   RO          545    i.Peripheral_Set    myinit.o
    0x08005690   0x08005690   0x00000002   Code   RO          600    i.Run               system.o
    0x08005692   0x08005692   0x00000002   Code   RO          396    i.SVC_Handler       stm32f4xx_it.o
    0x08005694   0x08005694   0x00000004   Code   RO          397    i.SysTick_Handler   stm32f4xx_it.o
    0x08005698   0x08005698   0x0000009c   Code   RO           14    i.SystemClock_Config  main.o
    0x08005734   0x08005734   0x00000010   Code   RO         3785    i.SystemInit        system_stm32f4xx.o
    0x08005744   0x08005744   0x00000178   Code   RO         1284    i.TP_Adj_Info_Show  touch.o
    0x080058bc   0x080058bc   0x000005c4   Code   RO         1285    i.TP_Adjust         touch.o
    0x08005e80   0x08005e80   0x00000070   Code   RO         1287    i.TP_Drow_Touch_Point  touch.o
    0x08005ef0   0x08005ef0   0x0000008c   Code   RO         1288    i.TP_Get_Adjdata    touch.o
    0x08005f7c   0x08005f7c   0x00000124   Code   RO         1289    i.TP_Init           touch.o
    0x080060a0   0x080060a0   0x0000008c   Code   RO         1290    i.TP_Read_AD        touch.o
    0x0800612c   0x0800612c   0x00000064   Code   RO         1291    i.TP_Read_XOY       touch.o
    0x08006190   0x08006190   0x00000028   Code   RO         1292    i.TP_Read_XY        touch.o
    0x080061b8   0x080061b8   0x0000007a   Code   RO         1293    i.TP_Read_XY2       touch.o
    0x08006232   0x08006232   0x00000002   PAD
    0x08006234   0x08006234   0x00000078   Code   RO         1294    i.TP_Save_Adjdata   touch.o
    0x080062ac   0x080062ac   0x000000c0   Code   RO         1295    i.TP_Scan           touch.o
    0x0800636c   0x0800636c   0x00000048   Code   RO         1296    i.TP_Write_Byte     touch.o
    0x080063b4   0x080063b4   0x000000fc   Code   RO         3473    i.UART_SetConfig    stm32f4xx_hal_uart.o
    0x080064b0   0x080064b0   0x00000078   Code   RO         3477    i.UART_WaitOnFlagUntilTimeout  stm32f4xx_hal_uart.o
    0x08006528   0x08006528   0x00000002   Code   RO          398    i.UsageFault_Handler  stm32f4xx_it.o
    0x0800652a   0x0800652a   0x00000002   PAD
    0x0800652c   0x0800652c   0x00000020   Code   RO         3973    i.__0printf$5       mc_w.l(printf5.o)
    0x0800654c   0x0800654c   0x0000007a   Code   RO         3819    i.__hardfp_sqrt     m_wm.l(sqrt.o)
    0x080065c6   0x080065c6   0x0000000e   Code   RO         4160    i.__scatterload_copy  mc_w.l(handlers.o)
    0x080065d4   0x080065d4   0x00000002   Code   RO         4161    i.__scatterload_null  mc_w.l(handlers.o)
    0x080065d6   0x080065d6   0x0000000e   Code   RO         4162    i.__scatterload_zeroinit  mc_w.l(handlers.o)
    0x080065e4   0x080065e4   0x0000000c   Code   RO         4142    i.__set_errno       mc_w.l(errno.o)
    0x080065f0   0x080065f0   0x000002c0   Code   RO         3980    i._printf_core      mc_w.l(printf5.o)
    0x080068b0   0x080068b0   0x00000014   Code   RO         1401    i.delay_init        delay.o
    0x080068c4   0x080068c4   0x0000001a   Code   RO         1402    i.delay_ms          delay.o
    0x080068de   0x080068de   0x00000002   PAD
    0x080068e0   0x080068e0   0x00000034   Code   RO         1403    i.delay_us          delay.o
    0x08006914   0x08006914   0x00000018   Code   RO          574    i.fputc             public.o
    0x0800692c   0x0800692c   0x00000030   Code   RO           15    i.main              main.o
    0x0800695c   0x0800695c   0x00004740   Data   RO          742    .constdata          lcd.o
    0x0800b09c   0x0800b09c   0x0000000a   Data   RO         1135    .constdata          ft5206.o
    0x0800b0a6   0x0800b0a6   0x000000c2   Data   RO         1185    .constdata          gt9147.o
    0x0800b168   0x0800b168   0x0000000a   Data   RO         1237    .constdata          ott2001a.o
    0x0800b172   0x0800b172   0x00000002   PAD
    0x0800b174   0x0800b174   0x00000004   Data   RO         1297    .constdata          touch.o
    0x0800b178   0x0800b178   0x00000010   Data   RO         3786    .constdata          system_stm32f4xx.o
    0x0800b188   0x0800b188   0x00000008   Data   RO         3787    .constdata          system_stm32f4xx.o
    0x0800b190   0x0800b190   0x00000079   Data   RO         1298    .conststring        touch.o
    0x0800b209   0x0800b209   0x00000003   PAD
    0x0800b20c   0x0800b20c   0x00000020   Data   RO         4158    Region$$Table       anon$$obj.o


    Execution Region RW_IRAM2 (Exec base: 0x10000000, Load base: 0x0800b2b4, Size: 0x00000000, Max: 0x00010000, ABSOLUTE)

    **** No section assigned to this execution region ****


    Execution Region RW_IRAM1 (Exec base: 0x20000000, Load base: 0x0800b22c, Size: 0x000005d0, Max: 0x00020000, ABSOLUTE)

    Exec Addr    Load Addr    Size         Type   Attr      Idx    E Section Name        Object

    0x20000000   0x0800b22c   0x00000008   Data   RW          261    .data               fsmc.o
    0x20000008   0x0800b234   0x00000004   Data   RW          546    .data               myinit.o
    0x2000000c   0x0800b238   0x0000000c   Data   RW          601    .data               system.o
    0x20000018   0x0800b244   0x00000010   Data   RW          639    .data               key.o
    0x20000028   0x0800b254   0x00000008   Data   RW          743    .data               lcd.o
    0x20000030   0x0800b25c   0x00000001   Data   RW         1136    .data               ft5206.o
    0x20000031   0x0800b25d   0x00000001   Data   RW         1186    .data               gt9147.o
    0x20000032   0x0800b25e   0x00000001   Data   RW         1238    .data               ott2001a.o
    0x20000033   0x0800b25f   0x00000001   PAD
    0x20000034   0x0800b260   0x00000038   Data   RW         1299    .data               touch.o
    0x2000006c   0x0800b298   0x00000004   Data   RW         1404    .data               delay.o
    0x20000070   0x0800b29c   0x0000000c   Data   RW         2540    .data               stm32f4xx_hal.o
    0x2000007c   0x0800b2a8   0x00000004   Data   RW         3788    .data               system_stm32f4xx.o
    0x20000080   0x0800b2ac   0x00000004   Data   RW         4131    .data               mc_w.l(stdout.o)
    0x20000084   0x0800b2b0   0x00000004   Data   RW         4143    .data               mc_w.l(errno.o)
    0x20000088        -       0x00000050   Zero   RW          260    .bss                fsmc.o
    0x200000d8        -       0x00000054   Zero   RW          307    .bss                i2c.o
    0x2000012c        -       0x00000044   Zero   RW          349    .bss                usart.o
    0x20000170        -       0x0000005e   Zero   RW          741    .bss                lcd.o
    0x200001ce   0x0800b2b4   0x00000002   PAD
    0x200001d0        -       0x00000400   Zero   RW            1    STACK               startup_stm32f407xx.o


==============================================================================

Image component sizes


      Code (inc. data)   RO Data    RW Data    ZI Data      Debug   Object Name

       216          0          0          0          0       2985   24cxx.o
        88         62          0          0          0        541   callback.o
       708        114          0          0          0       5225   ctiic.o
        98          8          0          4          0       1847   delay.o
       308         32          0          8         80       2227   fsmc.o
       710         40         10          1          0       3813   ft5206.o
       364         30          0          0          0       1135   gpio.o
       922         80        194          1          0       4626   gt9147.o
       172         28          0          0         84       1637   i2c.o
        48         12          0         16          0       1400   key.o
     11292        120      18240          8         94      20978   lcd.o
       216         30          0          0          0     683208   main.o
       616         74          0          0          0       4690   myiic.o
        32          6          0          4          0        957   myinit.o
       776         66         10          1          0       4391   ott2001a.o
        24          6          0          0          0        504   public.o
        36          8        392          0       1024        824   startup_stm32f407xx.o
       148         24          0         12          0       8693   stm32f4xx_hal.o
       236         16          0          0          0      34213   stm32f4xx_hal_cortex.o
       598         28          0          0          0       2939   stm32f4xx_hal_gpio.o
       428         18          0          0          0       2095   stm32f4xx_hal_i2c.o
        52          4          0          0          0        842   stm32f4xx_hal_msp.o
      1722        104          0          0          0       6440   stm32f4xx_hal_rcc.o
        88          0          0          0          0       1200   stm32f4xx_hal_sram.o
       674          4          0          0          0       3940   stm32f4xx_hal_uart.o
        32          0          0          0          0       4968   stm32f4xx_it.o
       238          8          0          0          0       2863   stm32f4xx_ll_fsmc.o
         6          0          0         12          0       1753   system.o
        16          4         24          4          0       1091   system_stm32f4xx.o
      3182        248        125         56          0      10329   touch.o
       164         22          0          0         68       1662   usart.o

    ----------------------------------------------------------------------
     24236       1196      19032        128       1352     824016   Object Totals
         0          0         32          0          0          0   (incl. Generated)
        26          0          5          1          2          0   (incl. Padding)

    ----------------------------------------------------------------------

      Code (inc. data)   RO Data    RW Data    ZI Data      Debug   Library Member Name

       122          0          0          0          0        148   sqrt.o
         0          0          0          0          0          0   entry.o
         0          0          0          0          0          0   entry10a.o
         0          0          0          0          0          0   entry11a.o
         4          0          0          0          0          0   entry12b.o
         8          4          0          0          0          0   entry2.o
         4          0          0          0          0          0   entry5.o
         0          0          0          0          0          0   entry7b.o
         0          0          0          0          0          0   entry8b.o
         8          4          0          0          0          0   entry9a.o
        12          6          0          4          0         68   errno.o
        30          0          0          0          0          0   handlers.o
        36          8          0          0          0         68   init.o
         0          0          0          0          0          0   iusefp.o
        30          0          0          0          0         68   llshl.o
        36          0          0          0          0         68   llsshr.o
        32          0          0          0          0         68   llushr.o
        36          0          0          0          0        108   memseta.o
       736         54          0          0          0        184   printf5.o
         0          0          0          4          0          0   stdout.o
        28          0          0          0          0         76   strcmp.o
        98          0          0          0          0         92   uldiv.o
        48          0          0          0          0         68   cdcmple.o
        48          0          0          0          0         68   cdrcmple.o
       334          0          0          0          0        148   dadd.o
       186          0          0          0          0        176   depilogue.o
        50          0          0          0          0         76   dfixui.o
        26          0          0          0          0         76   dfltui.o
       228          0          0          0          0         96   dmul.o
       162          0          0          0          0        100   dsqrt.o
        38          0          0          0          0         68   f2d.o

    ----------------------------------------------------------------------
      2344         76          0          8          0       1824   Library Totals
         4          0          0          0          0          0   (incl. Padding)

    ----------------------------------------------------------------------

      Code (inc. data)   RO Data    RW Data    ZI Data      Debug   Library Name

       122          0          0          0          0        148   m_wm.l
      1098         76          0          8          0        800   mc_w.l
      1120          0          0          0          0        876   mf_w.l

    ----------------------------------------------------------------------
      2344         76          0          8          0       1824   Library Totals

    ----------------------------------------------------------------------

==============================================================================


      Code (inc. data)   RO Data    RW Data    ZI Data      Debug   

     26580       1272      19032        136       1352     813464   Grand Totals
     26580       1272      19032        136       1352     813464   ELF Image Totals
     26580       1272      19032        136          0          0   ROM Totals

==============================================================================

    Total RO  Size (Code + RO Data)                45612 (  44.54kB)
    Total RW  Size (RW Data + ZI Data)              1488 (   1.45kB)
    Total ROM Size (Code + RO Data + RW Data)      45748 (  44.68kB)

==============================================================================

